Archive member included to satisfy reference by file (symbol)

/nix/store/60a09h2l89daz4kij06wv31mxs013svf-riscv64-unknown-elf-toolchain-9.2.0-2855d82/lib/gcc/riscv64-unknown-elf/9.2.0/rv32imac/ilp32/libgcc.a(_clzsi2.o)
                              ./build/FreeRTOS/tasks.o (__clzsi2)
/nix/store/60a09h2l89daz4kij06wv31mxs013svf-riscv64-unknown-elf-toolchain-9.2.0-2855d82/lib/gcc/riscv64-unknown-elf/9.2.0/rv32imac/ilp32/libgcc.a(_udivdi3.o)
                              ./build/FreeRTOS/fe300prci_driver.o (__udivdi3)
/nix/store/60a09h2l89daz4kij06wv31mxs013svf-riscv64-unknown-elf-toolchain-9.2.0-2855d82/lib/gcc/riscv64-unknown-elf/9.2.0/rv32imac/ilp32/libgcc.a(_clz.o)
                              /nix/store/60a09h2l89daz4kij06wv31mxs013svf-riscv64-unknown-elf-toolchain-9.2.0-2855d82/lib/gcc/riscv64-unknown-elf/9.2.0/rv32imac/ilp32/libgcc.a(_clzsi2.o) (__clz_tab)
/nix/store/60a09h2l89daz4kij06wv31mxs013svf-riscv64-unknown-elf-toolchain-9.2.0-2855d82/lib/gcc/riscv64-unknown-elf/9.2.0/../../../../riscv64-unknown-elf/lib/rv32imac/ilp32/libg_nano.a(lib_a-atexit.o)
                              ./build/FreeRTOS/start.o (atexit)
/nix/store/60a09h2l89daz4kij06wv31mxs013svf-riscv64-unknown-elf-toolchain-9.2.0-2855d82/lib/gcc/riscv64-unknown-elf/9.2.0/../../../../riscv64-unknown-elf/lib/rv32imac/ilp32/libg_nano.a(lib_a-exit.o)
                              ./build/FreeRTOS/start.o (exit)
/nix/store/60a09h2l89daz4kij06wv31mxs013svf-riscv64-unknown-elf-toolchain-9.2.0-2855d82/lib/gcc/riscv64-unknown-elf/9.2.0/../../../../riscv64-unknown-elf/lib/rv32imac/ilp32/libg_nano.a(lib_a-fini.o)
                              ./build/FreeRTOS/start.o (__libc_fini_array)
/nix/store/60a09h2l89daz4kij06wv31mxs013svf-riscv64-unknown-elf-toolchain-9.2.0-2855d82/lib/gcc/riscv64-unknown-elf/9.2.0/../../../../riscv64-unknown-elf/lib/rv32imac/ilp32/libg_nano.a(lib_a-impure.o)
                              /nix/store/60a09h2l89daz4kij06wv31mxs013svf-riscv64-unknown-elf-toolchain-9.2.0-2855d82/lib/gcc/riscv64-unknown-elf/9.2.0/../../../../riscv64-unknown-elf/lib/rv32imac/ilp32/libg_nano.a(lib_a-exit.o) (_global_impure_ptr)
/nix/store/60a09h2l89daz4kij06wv31mxs013svf-riscv64-unknown-elf-toolchain-9.2.0-2855d82/lib/gcc/riscv64-unknown-elf/9.2.0/../../../../riscv64-unknown-elf/lib/rv32imac/ilp32/libg_nano.a(lib_a-init.o)
                              ./build/FreeRTOS/start.o (__libc_init_array)
/nix/store/60a09h2l89daz4kij06wv31mxs013svf-riscv64-unknown-elf-toolchain-9.2.0-2855d82/lib/gcc/riscv64-unknown-elf/9.2.0/../../../../riscv64-unknown-elf/lib/rv32imac/ilp32/libg_nano.a(lib_a-memcpy-asm.o)
                              ./build/FreeRTOS/queue.o (memcpy)
/nix/store/60a09h2l89daz4kij06wv31mxs013svf-riscv64-unknown-elf-toolchain-9.2.0-2855d82/lib/gcc/riscv64-unknown-elf/9.2.0/../../../../riscv64-unknown-elf/lib/rv32imac/ilp32/libg_nano.a(lib_a-memset.o)
                              ./build/app/TimerDemo.o (memset)
/nix/store/60a09h2l89daz4kij06wv31mxs013svf-riscv64-unknown-elf-toolchain-9.2.0-2855d82/lib/gcc/riscv64-unknown-elf/9.2.0/../../../../riscv64-unknown-elf/lib/rv32imac/ilp32/libg_nano.a(lib_a-printf.o)
                              ./build/FreeRTOS/init.o (printf)
/nix/store/60a09h2l89daz4kij06wv31mxs013svf-riscv64-unknown-elf-toolchain-9.2.0-2855d82/lib/gcc/riscv64-unknown-elf/9.2.0/../../../../riscv64-unknown-elf/lib/rv32imac/ilp32/libg_nano.a(lib_a-strcmp.o)
                              ./build/app/TimerDemo.o (strcmp)
/nix/store/60a09h2l89daz4kij06wv31mxs013svf-riscv64-unknown-elf-toolchain-9.2.0-2855d82/lib/gcc/riscv64-unknown-elf/9.2.0/../../../../riscv64-unknown-elf/lib/rv32imac/ilp32/libg_nano.a(lib_a-strlen.o)
                              ./build/app/main_blinky.o (strlen)
/nix/store/60a09h2l89daz4kij06wv31mxs013svf-riscv64-unknown-elf-toolchain-9.2.0-2855d82/lib/gcc/riscv64-unknown-elf/9.2.0/../../../../riscv64-unknown-elf/lib/rv32imac/ilp32/libg_nano.a(lib_a-__atexit.o)
                              /nix/store/60a09h2l89daz4kij06wv31mxs013svf-riscv64-unknown-elf-toolchain-9.2.0-2855d82/lib/gcc/riscv64-unknown-elf/9.2.0/../../../../riscv64-unknown-elf/lib/rv32imac/ilp32/libg_nano.a(lib_a-atexit.o) (__register_exitproc)
/nix/store/60a09h2l89daz4kij06wv31mxs013svf-riscv64-unknown-elf-toolchain-9.2.0-2855d82/lib/gcc/riscv64-unknown-elf/9.2.0/../../../../riscv64-unknown-elf/lib/rv32imac/ilp32/libg_nano.a(lib_a-__call_atexit.o)
                              /nix/store/60a09h2l89daz4kij06wv31mxs013svf-riscv64-unknown-elf-toolchain-9.2.0-2855d82/lib/gcc/riscv64-unknown-elf/9.2.0/../../../../riscv64-unknown-elf/lib/rv32imac/ilp32/libg_nano.a(lib_a-__atexit.o) (__call_exitprocs)
/nix/store/60a09h2l89daz4kij06wv31mxs013svf-riscv64-unknown-elf-toolchain-9.2.0-2855d82/lib/gcc/riscv64-unknown-elf/9.2.0/../../../../riscv64-unknown-elf/lib/rv32imac/ilp32/libg_nano.a(lib_a-findfp.o)
[...]
Memory Configuration

Name             Origin             Length             Attributes
flash            0x0000000020400000 0x0000000020000000 axrl !w
ram              0x0000000080000000 0x0000000000004000 axw !rl
*default*        0x0000000000000000 0xffffffffffffffff

Linker script and memory map

                0x0000000000000400                __stack_size = 0x400
START GROUP
END GROUP
LOAD ./build/app/main.o
LOAD ./build/app/main_blinky.o
LOAD ./build/app/main_full.o
LOAD ./build/app/RegTest.o
LOAD ./build/app/EventGroupsDemo.o
LOAD ./build/app/TimerDemo.o
LOAD ./build/app/TaskNotify.o
LOAD ./build/app/GenQTest.o
LOAD ./build/app/blocktim.o
LOAD ./build/app/dynamic.o
LOAD ./build/app/recmutex.o
LOAD ./build/FreeRTOS/croutine.o
LOAD ./build/FreeRTOS/list.o
LOAD ./build/FreeRTOS/queue.o
LOAD ./build/FreeRTOS/tasks.o
LOAD ./build/FreeRTOS/timers.o
LOAD ./build/FreeRTOS/event_groups.o
LOAD ./build/FreeRTOS/stream_buffer.o
LOAD ./build/FreeRTOS/heap_4.o
LOAD ./build/FreeRTOS/port.o
LOAD ./build/FreeRTOS/portASM.o
LOAD ./build/FreeRTOS/_exit.o
LOAD ./build/FreeRTOS/close.o
LOAD ./build/FreeRTOS/execve.o
LOAD ./build/FreeRTOS/fork.o
LOAD ./build/FreeRTOS/fstat.o
LOAD ./build/FreeRTOS/getpid.o
LOAD ./build/FreeRTOS/isatty.o
LOAD ./build/FreeRTOS/kill.o
LOAD ./build/FreeRTOS/link.o
LOAD ./build/FreeRTOS/lseek.o
LOAD ./build/FreeRTOS/openat.o
LOAD ./build/FreeRTOS/puts.o
LOAD ./build/FreeRTOS/read.o
LOAD ./build/FreeRTOS/sbrk.o
LOAD ./build/FreeRTOS/stat.o
LOAD ./build/FreeRTOS/times.o
LOAD ./build/FreeRTOS/unlink.o
LOAD ./build/FreeRTOS/wait.o
LOAD ./build/FreeRTOS/write.o
LOAD ./build/FreeRTOS/malloc.o
LOAD ./build/FreeRTOS/write_hex.o
LOAD ./build/FreeRTOS/init.o
LOAD ./build/FreeRTOS/plic_driver.o
LOAD ./build/FreeRTOS/fe300prci_driver.o
LOAD ./build/FreeRTOS/entry.o
LOAD ./build/FreeRTOS/start.o
LOAD /nix/store/60a09h2l89daz4kij06wv31mxs013svf-riscv64-unknown-elf-toolchain-9.2.0-2855d82/lib/gcc/riscv64-unknown-elf/9.2.0/rv32imac/ilp32/libgcc.a
LOAD /nix/store/60a09h2l89daz4kij06wv31mxs013svf-riscv64-unknown-elf-toolchain-9.2.0-2855d82/lib/gcc/riscv64-unknown-elf/9.2.0/../../../../riscv64-unknown-elf/lib/rv32imac/ilp32/libg_nano.a
LOAD /nix/store/60a09h2l89daz4kij06wv31mxs013svf-riscv64-unknown-elf-toolchain-9.2.0-2855d82/lib/gcc/riscv64-unknown-elf/9.2.0/../../../../riscv64-unknown-elf/lib/rv32imac/ilp32/libc_nano.a
LOAD /nix/store/60a09h2l89daz4kij06wv31mxs013svf-riscv64-unknown-elf-toolchain-9.2.0-2855d82/lib/gcc/riscv64-unknown-elf/9.2.0/rv32imac/ilp32/libgcc.a
START GROUP
LOAD /nix/store/60a09h2l89daz4kij06wv31mxs013svf-riscv64-unknown-elf-toolchain-9.2.0-2855d82/lib/gcc/riscv64-unknown-elf/9.2.0/rv32imac/ilp32/libgcc.a
LOAD /nix/store/60a09h2l89daz4kij06wv31mxs013svf-riscv64-unknown-elf-toolchain-9.2.0-2855d82/lib/gcc/riscv64-unknown-elf/9.2.0/../../../../riscv64-unknown-elf/lib/rv32imac/ilp32/libc_nano.a
LOAD /nix/store/60a09h2l89daz4kij06wv31mxs013svf-riscv64-unknown-elf-toolchain-9.2.0-2855d82/lib/gcc/riscv64-unknown-elf/9.2.0/../../../../riscv64-unknown-elf/lib/rv32imac/ilp32/libgloss_nano.a
END GROUP
                0x0000000000000400                __stack_size = DEFINED (__stack_size)?__stack_size:0x800

.init           0x0000000020400000       0x7e
 *(SORT_NONE(.init))
 .init          0x0000000020400000       0x7e ./build/FreeRTOS/start.o
                0x0000000020400000                _start

.text           0x0000000020400100     0x4b72
 *(.text.unlikely .text.unlikely.*)
 *(.text.startup .text.startup.*)
 *(.text .text.*)
 .text.main     0x0000000020400100       0x16 ./build/app/main.o
                0x0000000020400100                main
 .text.vApplicationMallocFailedHook
                0x0000000020400116        0xc ./build/app/main.o
                0x0000000020400116                vApplicationMallocFailedHook
 .text.vApplicationStackOverflowHook
                0x0000000020400122       0x14 ./build/app/main.o
                0x0000000020400122                vApplicationStackOverflowHook
 .text.vApplicationTickHook
                0x0000000020400136        0xe ./build/app/main.o
                0x0000000020400136                vApplicationTickHook
 .text.vAssertCalled
                0x0000000020400144       0x26 ./build/app/main.o
                0x0000000020400144                vAssertCalled
 .text.main_blinky
                0x000000002040016a       0x6a ./build/app/main_blinky.o
                0x000000002040016a                main_blinky
 .text.prvQueueSendTask
                0x00000000204001d4       0x56 ./build/app/main_blinky.o
 .text.prvQueueReceiveTask
                0x000000002040022a       0x82 ./build/app/main_blinky.o
 .text.vListInitialise
                0x00000000204002ac       0x4c ./build/FreeRTOS/list.o
                0x00000000204002ac                vListInitialise
 .text.vListInitialiseItem
                0x00000000204002f8       0x1a ./build/FreeRTOS/list.o
                0x00000000204002f8                vListInitialiseItem
 .text.vListInsertEnd
                0x0000000020400312       0x66 ./build/FreeRTOS/list.o
                0x0000000020400312                vListInsertEnd
 .text.vListInsert
                0x0000000020400378       0xa2 ./build/FreeRTOS/list.o
                0x0000000020400378                vListInsert
 .text.uxListRemove
                0x000000002040041a       0x70 ./build/FreeRTOS/list.o
                0x000000002040041a                uxListRemove
 .text.xQueueGenericReset
                0x000000002040048a       0xd6 ./build/FreeRTOS/queue.o
                0x000000002040048a                xQueueGenericReset
 .text.xQueueGenericCreate
                0x0000000020400560       0x84 ./build/FreeRTOS/queue.o
                0x0000000020400560                xQueueGenericCreate
 .text.prvInitialiseNewQueue
                0x00000000204005e4       0x60 ./build/FreeRTOS/queue.o
 .text.xQueueGenericSend
                0x0000000020400644      0x1b2 ./build/FreeRTOS/queue.o
                0x0000000020400644                xQueueGenericSend
 .text.xQueueGenericSendFromISR
                0x00000000204007f6       0xfe ./build/FreeRTOS/queue.o
                0x00000000204007f6                xQueueGenericSendFromISR
 .text.xQueueReceive
                0x00000000204008f4      0x190 ./build/FreeRTOS/queue.o
                0x00000000204008f4                xQueueReceive
 .text.prvCopyDataToQueue
                0x0000000020400a84      0x12a ./build/FreeRTOS/queue.o
 .text.prvCopyDataFromQueue
                0x0000000020400bae       0x6a ./build/FreeRTOS/queue.o
 .text.prvUnlockQueue
                0x0000000020400c18       0xc4 ./build/FreeRTOS/queue.o
 .text.prvIsQueueEmpty
                0x0000000020400cdc       0x36 ./build/FreeRTOS/queue.o
 .text.prvIsQueueFull
                0x0000000020400d12       0x3e ./build/FreeRTOS/queue.o
 .text.vQueueAddToRegistry
                0x0000000020400d50       0x74 ./build/FreeRTOS/queue.o
                0x0000000020400d50                vQueueAddToRegistry
 .text.vQueueWaitForMessageRestricted
                0x0000000020400dc4       0x8a ./build/FreeRTOS/queue.o
                0x0000000020400dc4                vQueueWaitForMessageRestricted
 .text.xTaskCreate
                0x0000000020400e4e       0xac ./build/FreeRTOS/tasks.o
                0x0000000020400e4e                xTaskCreate
 .text.prvInitialiseNewTask
                0x0000000020400efa      0x172 ./build/FreeRTOS/tasks.o
 .text.prvAddNewTaskToReadyList
                0x000000002040106c      0x11c ./build/FreeRTOS/tasks.o
 .text.vTaskDelayUntil
                0x0000000020401188       0xe6 ./build/FreeRTOS/tasks.o
                0x0000000020401188                vTaskDelayUntil
 .text.vTaskStartScheduler
                0x000000002040126e       0x90 ./build/FreeRTOS/tasks.o
                0x000000002040126e                vTaskStartScheduler
 .text.vTaskSuspendAll
                0x00000000204012fe       0x26 ./build/FreeRTOS/tasks.o
                0x00000000204012fe                vTaskSuspendAll
 .text.xTaskResumeAll
                0x0000000020401324      0x164 ./build/FreeRTOS/tasks.o
                0x0000000020401324                xTaskResumeAll
 .text.xTaskGetTickCount
                0x0000000020401488       0x20 ./build/FreeRTOS/tasks.o
                0x0000000020401488                xTaskGetTickCount
 .text.xTaskIncrementTick
                0x00000000204014a8      0x208 ./build/FreeRTOS/tasks.o
                0x00000000204014a8                xTaskIncrementTick
 .text.vTaskSwitchContext
                0x00000000204016b0      0x144 ./build/FreeRTOS/tasks.o
                0x00000000204016b0                vTaskSwitchContext
 .text.vTaskPlaceOnEventList
                0x00000000204017f4       0x42 ./build/FreeRTOS/tasks.o
                0x00000000204017f4                vTaskPlaceOnEventList
 .text.vTaskPlaceOnEventListRestricted
                0x0000000020401836       0x54 ./build/FreeRTOS/tasks.o
                0x0000000020401836                vTaskPlaceOnEventListRestricted
 .text.xTaskRemoveFromEventList
                0x000000002040188a       0xdc ./build/FreeRTOS/tasks.o
                0x000000002040188a                xTaskRemoveFromEventList
 .text.vTaskInternalSetTimeOutState
                0x0000000020401966       0x32 ./build/FreeRTOS/tasks.o
                0x0000000020401966                vTaskInternalSetTimeOutState
 .text.xTaskCheckForTimeOut
                0x0000000020401998       0xcc ./build/FreeRTOS/tasks.o
                0x0000000020401998                xTaskCheckForTimeOut
 .text.vTaskMissedYield
                0x0000000020401a64       0x1a ./build/FreeRTOS/tasks.o
                0x0000000020401a64                vTaskMissedYield
 .text.prvIdleTask
                0x0000000020401a7e       0x10 ./build/FreeRTOS/tasks.o
 .text.prvInitialiseTaskLists
                0x0000000020401a8e       0x8c ./build/FreeRTOS/tasks.o
 .text.prvCheckTasksWaitingTermination
                0x0000000020401b1a       0x74 ./build/FreeRTOS/tasks.o
 .text.prvDeleteTCB
                0x0000000020401b8e       0x2a ./build/FreeRTOS/tasks.o
 .text.prvResetNextTaskUnblockTime
                0x0000000020401bb8       0x54 ./build/FreeRTOS/tasks.o
 .text.xTaskGetSchedulerState
                0x0000000020401c0c       0x3e ./build/FreeRTOS/tasks.o
                0x0000000020401c0c                xTaskGetSchedulerState
 .text.xTaskPriorityDisinherit
                0x0000000020401c4a      0x134 ./build/FreeRTOS/tasks.o
                0x0000000020401c4a                xTaskPriorityDisinherit
 .text.vTaskEnterCritical
                0x0000000020401d7e       0x38 ./build/FreeRTOS/tasks.o
                0x0000000020401d7e                vTaskEnterCritical
 .text.vTaskExitCritical
                0x0000000020401db6       0x4a ./build/FreeRTOS/tasks.o
                0x0000000020401db6                vTaskExitCritical
 .text.prvAddCurrentTaskToDelayedList
                0x0000000020401e00      0x11a ./build/FreeRTOS/tasks.o
 .text.xTimerCreateTimerTask
                0x0000000020401f1a       0x5a ./build/FreeRTOS/timers.o
                0x0000000020401f1a                xTimerCreateTimerTask
 .text.xTimerGenericCommand
                0x0000000020401f74       0xd2 ./build/FreeRTOS/timers.o
                0x0000000020401f74                xTimerGenericCommand
 .text.prvProcessExpiredTimer
                0x0000000020402046       0x8e ./build/FreeRTOS/timers.o
 .text.prvTimerTask
                0x00000000204020d4       0x28 ./build/FreeRTOS/timers.o
 .text.prvProcessTimerOrBlockTask
                0x00000000204020fc       0xa4 ./build/FreeRTOS/timers.o
 .text.prvGetNextExpireTime
                0x00000000204021a0       0x52 ./build/FreeRTOS/timers.o
 .text.prvSampleTimeNow
                0x00000000204021f2       0x56 ./build/FreeRTOS/timers.o
 .text.prvInsertTimerInActiveList
                0x0000000020402248       0xb8 ./build/FreeRTOS/timers.o
 .text.prvProcessReceivedCommands
                0x0000000020402300      0x162 ./build/FreeRTOS/timers.o
 .text.prvSwitchTimerLists
                0x0000000020402462      0x104 ./build/FreeRTOS/timers.o
 .text.prvCheckForValidListAndQueue
                0x0000000020402566       0x8c ./build/FreeRTOS/timers.o
 .text.pvPortMalloc
                0x00000000204025f2      0x1d2 ./build/FreeRTOS/heap_4.o
                0x00000000204025f2                pvPortMalloc
 .text.vPortFree
                0x00000000204027c4       0xc2 ./build/FreeRTOS/heap_4.o
                0x00000000204027c4                vPortFree
 .text.prvHeapInit
                0x0000000020402886      0x120 ./build/FreeRTOS/heap_4.o
 .text.prvInsertBlockIntoFreeList
                0x00000000204029a6       0xfc ./build/FreeRTOS/heap_4.o
 .text.vPortSetupTimerInterrupt
                0x0000000020402aa2      0x166 ./build/FreeRTOS/port.o
                0x0000000020402aa2                vPortSetupTimerInterrupt
 .text.xPortStartScheduler
                0x0000000020402c08       0x4c ./build/FreeRTOS/port.o
                0x0000000020402c08                xPortStartScheduler
 *fill*         0x0000000020402c54       0xac 
 .text          0x0000000020402d00      0x350 ./build/FreeRTOS/portASM.o
                0x0000000020402d00                freertos_risc_v_trap_handler
                0x0000000020402f00                xPortStartFirstTask
                0x0000000020403000                pxPortInitialiseStack
 .text.__wrap_exit
                0x0000000020403050       0x70 ./build/FreeRTOS/_exit.o
                0x0000000020403050                __wrap__exit
                0x0000000020403050                __wrap_exit
 .text._stub    0x00000000204030c0       0x14 ./build/FreeRTOS/close.o
 .text.__wrap_close
                0x00000000204030d4       0x1c ./build/FreeRTOS/close.o
                0x00000000204030d4                __wrap_close
                0x00000000204030d4                __wrap__close
 .text._stub    0x00000000204030f0       0x14 ./build/FreeRTOS/fstat.o
 .text.__wrap_fstat
                0x0000000020403104       0x36 ./build/FreeRTOS/fstat.o
                0x0000000020403104                __wrap_fstat
                0x0000000020403104                __wrap__fstat
 .text.__wrap_isatty
                0x000000002040313a       0x2c ./build/FreeRTOS/isatty.o
                0x000000002040313a                __wrap_isatty
                0x000000002040313a                __wrap__isatty
 .text._stub    0x0000000020403166       0x14 ./build/FreeRTOS/lseek.o
 .text.__wrap_lseek
                0x000000002040317a       0x32 ./build/FreeRTOS/lseek.o
                0x000000002040317a                __wrap__lseek
                0x000000002040317a                __wrap_lseek
 .text._stub    0x00000000204031ac       0x14 ./build/FreeRTOS/read.o
 .text.__wrap_read
                0x00000000204031c0       0xa4 ./build/FreeRTOS/read.o
                0x00000000204031c0                __wrap_read
                0x00000000204031c0                __wrap__read
 .text.__wrap_sbrk
                0x0000000020403264       0x7c ./build/FreeRTOS/sbrk.o
                0x0000000020403264                __wrap_sbrk
                0x0000000020403264                __wrap__sbrk
 .text._stub    0x00000000204032e0       0x14 ./build/FreeRTOS/write.o
 .text.__wrap_write
                0x00000000204032f4       0xa0 ./build/FreeRTOS/write.o
                0x00000000204032f4                __wrap_write
                0x00000000204032f4                __wrap__write
 .text.write_hex
                0x0000000020403394       0xa6 ./build/FreeRTOS/write_hex.o
                0x0000000020403394                write_hex
 .text.mtime_lo
                0x000000002040343a       0x16 ./build/FreeRTOS/init.o
 .text.get_timer_freq
                0x0000000020403450       0x10 ./build/FreeRTOS/init.o
                0x0000000020403450                get_timer_freq
 .text.use_hfrosc
                0x0000000020403460       0x5c ./build/FreeRTOS/init.o
 .text.use_pll  0x00000000204034bc      0x142 ./build/FreeRTOS/init.o
 .text.use_default_clocks
                0x00000000204035fe       0x34 ./build/FreeRTOS/init.o
 .text.measure_cpu_freq
                0x0000000020403632       0xaa ./build/FreeRTOS/init.o
 .text.get_cpu_freq
                0x00000000204036dc       0x3c ./build/FreeRTOS/init.o
                0x00000000204036dc                get_cpu_freq
 .text.uart_init
                0x0000000020403718       0x76 ./build/FreeRTOS/init.o
 .text.handle_trap
                0x000000002040378e       0x2c ./build/FreeRTOS/init.o
                0x000000002040378e                handle_trap
 .text._init    0x00000000204037ba       0x60 ./build/FreeRTOS/init.o
                0x00000000204037ba                _init
 .text._fini    0x000000002040381a        0xe ./build/FreeRTOS/init.o
                0x000000002040381a                _fini
 .text.entry    0x0000000020403828       0xa4 ./build/FreeRTOS/entry.o
                0x0000000020403828                trap_entry
 .text          0x00000000204038cc       0x3c /nix/store/60a09h2l89daz4kij06wv31mxs013svf-riscv64-unknown-elf-toolchain-9.2.0-2855d82/lib/gcc/riscv64-unknown-elf/9.2.0/rv32imac/ilp32/libgcc.a(_clzsi2.o)
                0x00000000204038cc                __clzsi2
 .text.atexit   0x0000000020403908        0xa /nix/store/60a09h2l89daz4kij06wv31mxs013svf-riscv64-unknown-elf-toolchain-9.2.0-2855d82/lib/gcc/riscv64-unknown-elf/9.2.0/../../../../riscv64-unknown-elf/lib/rv32imac/ilp32/libg_nano.a(lib_a-atexit.o)
                0x0000000020403908                atexit
 .text.exit     0x0000000020403912       0x2a /nix/store/60a09h2l89daz4kij06wv31mxs013svf-riscv64-unknown-elf-toolchain-9.2.0-2855d82/lib/gcc/riscv64-unknown-elf/9.2.0/../../../../riscv64-unknown-elf/lib/rv32imac/ilp32/libg_nano.a(lib_a-exit.o)
                0x0000000020403912                exit
 .text.__libc_fini_array
                0x000000002040393c       0x38 /nix/store/60a09h2l89daz4kij06wv31mxs013svf-riscv64-unknown-elf-toolchain-9.2.0-2855d82/lib/gcc/riscv64-unknown-elf/9.2.0/../../../../riscv64-unknown-elf/lib/rv32imac/ilp32/libg_nano.a(lib_a-fini.o)
                0x000000002040393c                __libc_fini_array
 .text.__libc_init_array
                0x0000000020403974       0x6a /nix/store/60a09h2l89daz4kij06wv31mxs013svf-riscv64-unknown-elf-toolchain-9.2.0-2855d82/lib/gcc/riscv64-unknown-elf/9.2.0/../../../../riscv64-unknown-elf/lib/rv32imac/ilp32/libg_nano.a(lib_a-init.o)
                0x0000000020403974                __libc_init_array
 .text          0x00000000204039de       0x16 /nix/store/60a09h2l89daz4kij06wv31mxs013svf-riscv64-unknown-elf-toolchain-9.2.0-2855d82/lib/gcc/riscv64-unknown-elf/9.2.0/../../../../riscv64-unknown-elf/lib/rv32imac/ilp32/libg_nano.a(lib_a-memcpy-asm.o)
                0x00000000204039de                memcpy
 .text          0x00000000204039f4       0x10 /nix/store/60a09h2l89daz4kij06wv31mxs013svf-riscv64-unknown-elf-toolchain-9.2.0-2855d82/lib/gcc/riscv64-unknown-elf/9.2.0/../../../../riscv64-unknown-elf/lib/rv32imac/ilp32/libg_nano.a(lib_a-memset.o)
                0x00000000204039f4                memset
 .text.printf   0x0000000020403a04       0x38 /nix/store/60a09h2l89daz4kij06wv31mxs013svf-riscv64-unknown-elf-toolchain-9.2.0-2855d82/lib/gcc/riscv64-unknown-elf/9.2.0/../../../../riscv64-unknown-elf/lib/rv32imac/ilp32/libg_nano.a(lib_a-printf.o)
                0x0000000020403a04                printf
                0x0000000020403a04                iprintf
 .text.strlen   0x0000000020403a3c       0x12 /nix/store/60a09h2l89daz4kij06wv31mxs013svf-riscv64-unknown-elf-toolchain-9.2.0-2855d82/lib/gcc/riscv64-unknown-elf/9.2.0/../../../../riscv64-unknown-elf/lib/rv32imac/ilp32/libg_nano.a(lib_a-strlen.o)
                0x0000000020403a3c                strlen
 .text.__register_exitproc
                0x0000000020403a4e       0x80 /nix/store/60a09h2l89daz4kij06wv31mxs013svf-riscv64-unknown-elf-toolchain-9.2.0-2855d82/lib/gcc/riscv64-unknown-elf/9.2.0/../../../../riscv64-unknown-elf/lib/rv32imac/ilp32/libg_nano.a(lib_a-__atexit.o)
                0x0000000020403a4e                __register_exitproc
 .text.__call_exitprocs
                0x0000000020403ace       0xc8 /nix/store/60a09h2l89daz4kij06wv31mxs013svf-riscv64-unknown-elf-toolchain-9.2.0-2855d82/lib/gcc/riscv64-unknown-elf/9.2.0/../../../../riscv64-unknown-elf/lib/rv32imac/ilp32/libg_nano.a(lib_a-__call_atexit.o)
                0x0000000020403ace                __call_exitprocs
 .text.std      0x0000000020403b96       0x68 /nix/store/60a09h2l89daz4kij06wv31mxs013svf-riscv64-unknown-elf-toolchain-9.2.0-2855d82/lib/gcc/riscv64-unknown-elf/9.2.0/../../../../riscv64-unknown-elf/lib/rv32imac/ilp32/libg_nano.a(lib_a-findfp.o)
 .text._cleanup_r
                0x0000000020403bfe        0xa /nix/store/60a09h2l89daz4kij06wv31mxs013svf-riscv64-unknown-elf-toolchain-9.2.0-2855d82/lib/gcc/riscv64-unknown-elf/9.2.0/../../../../riscv64-unknown-elf/lib/rv32imac/ilp32/libg_nano.a(lib_a-findfp.o)
                0x0000000020403bfe                _cleanup_r
 .text.__sfmoreglue
                0x0000000020403c08       0x44 /nix/store/60a09h2l89daz4kij06wv31mxs013svf-riscv64-unknown-elf-toolchain-9.2.0-2855d82/lib/gcc/riscv64-unknown-elf/9.2.0/../../../../riscv64-unknown-elf/lib/rv32imac/ilp32/libg_nano.a(lib_a-findfp.o)
                0x0000000020403c08                __sfmoreglue
 .text.__sinit  0x0000000020403c4c       0x6a /nix/store/60a09h2l89daz4kij06wv31mxs013svf-riscv64-unknown-elf-toolchain-9.2.0-2855d82/lib/gcc/riscv64-unknown-elf/9.2.0/../../../../riscv64-unknown-elf/lib/rv32imac/ilp32/libg_nano.a(lib_a-findfp.o)
                0x0000000020403c4c                __sinit
 .text.__sfp    0x0000000020403cb6       0x9e /nix/store/60a09h2l89daz4kij06wv31mxs013svf-riscv64-unknown-elf-toolchain-9.2.0-2855d82/lib/gcc/riscv64-unknown-elf/9.2.0/../../../../riscv64-unknown-elf/lib/rv32imac/ilp32/libg_nano.a(lib_a-findfp.o)
                0x0000000020403cb6                __sfp
 .text._fwalk_reent
                0x0000000020403d54       0x6a /nix/store/60a09h2l89daz4kij06wv31mxs013svf-riscv64-unknown-elf-toolchain-9.2.0-2855d82/lib/gcc/riscv64-unknown-elf/9.2.0/../../../../riscv64-unknown-elf/lib/rv32imac/ilp32/libg_nano.a(lib_a-fwalk.o)
                0x0000000020403d54                _fwalk_reent
 .text._malloc_r
                0x0000000020403dbe       0xe0 /nix/store/60a09h2l89daz4kij06wv31mxs013svf-riscv64-unknown-elf-toolchain-9.2.0-2855d82/lib/gcc/riscv64-unknown-elf/9.2.0/../../../../riscv64-unknown-elf/lib/rv32imac/ilp32/libg_nano.a(lib_a-nano-mallocr.o)
                0x0000000020403dbe                _malloc_r
 .text.__sfputc_r
                0x0000000020403e9e       0x28 /nix/store/60a09h2l89daz4kij06wv31mxs013svf-riscv64-unknown-elf-toolchain-9.2.0-2855d82/lib/gcc/riscv64-unknown-elf/9.2.0/../../../../riscv64-unknown-elf/lib/rv32imac/ilp32/libg_nano.a(lib_a-nano-vfprintf.o)
 .text.__sfputs_r
                0x0000000020403ec6       0x42 /nix/store/60a09h2l89daz4kij06wv31mxs013svf-riscv64-unknown-elf-toolchain-9.2.0-2855d82/lib/gcc/riscv64-unknown-elf/9.2.0/../../../../riscv64-unknown-elf/lib/rv32imac/ilp32/libg_nano.a(lib_a-nano-vfprintf.o)
                0x0000000020403ec6                __sfputs_r
 .text._vfprintf_r
                0x0000000020403f08      0x29e /nix/store/60a09h2l89daz4kij06wv31mxs013svf-riscv64-unknown-elf-toolchain-9.2.0-2855d82/lib/gcc/riscv64-unknown-elf/9.2.0/../../../../riscv64-unknown-elf/lib/rv32imac/ilp32/libg_nano.a(lib_a-nano-vfprintf.o)
                0x0000000020403f08                _vfiprintf_r
                0x0000000020403f08                _vfprintf_r
 .text._printf_common
                0x00000000204041a6      0x10c /nix/store/60a09h2l89daz4kij06wv31mxs013svf-riscv64-unknown-elf-toolchain-9.2.0-2855d82/lib/gcc/riscv64-unknown-elf/9.2.0/../../../../riscv64-unknown-elf/lib/rv32imac/ilp32/libg_nano.a(lib_a-nano-vfprintf_i.o)
                0x00000000204041a6                _printf_common
 .text._printf_i
                0x00000000204042b2      0x272 /nix/store/60a09h2l89daz4kij06wv31mxs013svf-riscv64-unknown-elf-toolchain-9.2.0-2855d82/lib/gcc/riscv64-unknown-elf/9.2.0/../../../../riscv64-unknown-elf/lib/rv32imac/ilp32/libg_nano.a(lib_a-nano-vfprintf_i.o)
                0x00000000204042b2                _printf_i
 .text._sbrk_r  0x0000000020404524       0x30 /nix/store/60a09h2l89daz4kij06wv31mxs013svf-riscv64-unknown-elf-toolchain-9.2.0-2855d82/lib/gcc/riscv64-unknown-elf/9.2.0/../../../../riscv64-unknown-elf/lib/rv32imac/ilp32/libg_nano.a(lib_a-sbrkr.o)
                0x0000000020404524                _sbrk_r
 .text.__sread  0x0000000020404554       0x30 /nix/store/60a09h2l89daz4kij06wv31mxs013svf-riscv64-unknown-elf-toolchain-9.2.0-2855d82/lib/gcc/riscv64-unknown-elf/9.2.0/../../../../riscv64-unknown-elf/lib/rv32imac/ilp32/libg_nano.a(lib_a-stdio.o)
                0x0000000020404554                __sread
 .text.__swrite
                0x0000000020404584       0x4e /nix/store/60a09h2l89daz4kij06wv31mxs013svf-riscv64-unknown-elf-toolchain-9.2.0-2855d82/lib/gcc/riscv64-unknown-elf/9.2.0/../../../../riscv64-unknown-elf/lib/rv32imac/ilp32/libg_nano.a(lib_a-stdio.o)
                0x0000000020404584                __swrite
 .text.__sseek  0x00000000204045d2       0x36 /nix/store/60a09h2l89daz4kij06wv31mxs013svf-riscv64-unknown-elf-toolchain-9.2.0-2855d82/lib/gcc/riscv64-unknown-elf/9.2.0/../../../../riscv64-unknown-elf/lib/rv32imac/ilp32/libg_nano.a(lib_a-stdio.o)
                0x00000000204045d2                __sseek
 .text.__sclose
                0x0000000020404608        0x6 /nix/store/60a09h2l89daz4kij06wv31mxs013svf-riscv64-unknown-elf-toolchain-9.2.0-2855d82/lib/gcc/riscv64-unknown-elf/9.2.0/../../../../riscv64-unknown-elf/lib/rv32imac/ilp32/libg_nano.a(lib_a-stdio.o)
                0x0000000020404608                __sclose
 .text.__swbuf_r
                0x000000002040460e       0xc2 /nix/store/60a09h2l89daz4kij06wv31mxs013svf-riscv64-unknown-elf-toolchain-9.2.0-2855d82/lib/gcc/riscv64-unknown-elf/9.2.0/../../../../riscv64-unknown-elf/lib/rv32imac/ilp32/libg_nano.a(lib_a-wbuf.o)
                0x000000002040460e                __swbuf_r
 .text._write_r
                0x00000000204046d0       0x34 /nix/store/60a09h2l89daz4kij06wv31mxs013svf-riscv64-unknown-elf-toolchain-9.2.0-2855d82/lib/gcc/riscv64-unknown-elf/9.2.0/../../../../riscv64-unknown-elf/lib/rv32imac/ilp32/libg_nano.a(lib_a-writer.o)
                0x00000000204046d0                _write_r
 .text.__swsetup_r
                0x0000000020404704      0x108 /nix/store/60a09h2l89daz4kij06wv31mxs013svf-riscv64-unknown-elf-toolchain-9.2.0-2855d82/lib/gcc/riscv64-unknown-elf/9.2.0/../../../../riscv64-unknown-elf/lib/rv32imac/ilp32/libg_nano.a(lib_a-wsetup.o)
                0x0000000020404704                __swsetup_r
 .text._close_r
                0x000000002040480c       0x30 /nix/store/60a09h2l89daz4kij06wv31mxs013svf-riscv64-unknown-elf-toolchain-9.2.0-2855d82/lib/gcc/riscv64-unknown-elf/9.2.0/../../../../riscv64-unknown-elf/lib/rv32imac/ilp32/libg_nano.a(lib_a-closer.o)
                0x000000002040480c                _close_r
 .text.__sflush_r
                0x000000002040483c      0x14a /nix/store/60a09h2l89daz4kij06wv31mxs013svf-riscv64-unknown-elf-toolchain-9.2.0-2855d82/lib/gcc/riscv64-unknown-elf/9.2.0/../../../../riscv64-unknown-elf/lib/rv32imac/ilp32/libg_nano.a(lib_a-fflush.o)
                0x000000002040483c                __sflush_r
 .text._fflush_r
                0x0000000020404986       0x66 /nix/store/60a09h2l89daz4kij06wv31mxs013svf-riscv64-unknown-elf-toolchain-9.2.0-2855d82/lib/gcc/riscv64-unknown-elf/9.2.0/../../../../riscv64-unknown-elf/lib/rv32imac/ilp32/libg_nano.a(lib_a-fflush.o)
                0x0000000020404986                _fflush_r
 .text._lseek_r
                0x00000000204049ec       0x34 /nix/store/60a09h2l89daz4kij06wv31mxs013svf-riscv64-unknown-elf-toolchain-9.2.0-2855d82/lib/gcc/riscv64-unknown-elf/9.2.0/../../../../riscv64-unknown-elf/lib/rv32imac/ilp32/libg_nano.a(lib_a-lseekr.o)
                0x00000000204049ec                _lseek_r
 .text.__swhatbuf_r
                0x0000000020404a20       0x5a /nix/store/60a09h2l89daz4kij06wv31mxs013svf-riscv64-unknown-elf-toolchain-9.2.0-2855d82/lib/gcc/riscv64-unknown-elf/9.2.0/../../../../riscv64-unknown-elf/lib/rv32imac/ilp32/libg_nano.a(lib_a-makebuf.o)
                0x0000000020404a20                __swhatbuf_r
 .text.__smakebuf_r
                0x0000000020404a7a       0x9e /nix/store/60a09h2l89daz4kij06wv31mxs013svf-riscv64-unknown-elf-toolchain-9.2.0-2855d82/lib/gcc/riscv64-unknown-elf/9.2.0/../../../../riscv64-unknown-elf/lib/rv32imac/ilp32/libg_nano.a(lib_a-makebuf.o)
                0x0000000020404a7a                __smakebuf_r
 .text.memchr   0x0000000020404b18       0x1a /nix/store/60a09h2l89daz4kij06wv31mxs013svf-riscv64-unknown-elf-toolchain-9.2.0-2855d82/lib/gcc/riscv64-unknown-elf/9.2.0/../../../../riscv64-unknown-elf/lib/rv32imac/ilp32/libg_nano.a(lib_a-memchr.o)
                0x0000000020404b18                memchr
 .text.__malloc_lock
                0x0000000020404b32        0x2 /nix/store/60a09h2l89daz4kij06wv31mxs013svf-riscv64-unknown-elf-toolchain-9.2.0-2855d82/lib/gcc/riscv64-unknown-elf/9.2.0/../../../../riscv64-unknown-elf/lib/rv32imac/ilp32/libg_nano.a(lib_a-mlock.o)
                0x0000000020404b32                __malloc_lock
 .text.__malloc_unlock
                0x0000000020404b34        0x2 /nix/store/60a09h2l89daz4kij06wv31mxs013svf-riscv64-unknown-elf-toolchain-9.2.0-2855d82/lib/gcc/riscv64-unknown-elf/9.2.0/../../../../riscv64-unknown-elf/lib/rv32imac/ilp32/libg_nano.a(lib_a-mlock.o)
                0x0000000020404b34                __malloc_unlock
 .text._free_r  0x0000000020404b36       0xa6 /nix/store/60a09h2l89daz4kij06wv31mxs013svf-riscv64-unknown-elf-toolchain-9.2.0-2855d82/lib/gcc/riscv64-unknown-elf/9.2.0/../../../../riscv64-unknown-elf/lib/rv32imac/ilp32/libg_nano.a(lib_a-nano-freer.o)
                0x0000000020404b36                _free_r
 .text._read_r  0x0000000020404bdc       0x34 /nix/store/60a09h2l89daz4kij06wv31mxs013svf-riscv64-unknown-elf-toolchain-9.2.0-2855d82/lib/gcc/riscv64-unknown-elf/9.2.0/../../../../riscv64-unknown-elf/lib/rv32imac/ilp32/libg_nano.a(lib_a-readr.o)
                0x0000000020404bdc                _read_r
 .text._fstat_r
                0x0000000020404c10       0x32 /nix/store/60a09h2l89daz4kij06wv31mxs013svf-riscv64-unknown-elf-toolchain-9.2.0-2855d82/lib/gcc/riscv64-unknown-elf/9.2.0/../../../../riscv64-unknown-elf/lib/rv32imac/ilp32/libg_nano.a(lib_a-fstatr.o)
                0x0000000020404c10                _fstat_r
 .text._isatty_r
                0x0000000020404c42       0x30 /nix/store/60a09h2l89daz4kij06wv31mxs013svf-riscv64-unknown-elf-toolchain-9.2.0-2855d82/lib/gcc/riscv64-unknown-elf/9.2.0/../../../../riscv64-unknown-elf/lib/rv32imac/ilp32/libg_nano.a(lib_a-isattyr.o)
                0x0000000020404c42                _isatty_r
 *(.gnu.linkonce.t.*)

.fini
 *(SORT_NONE(.fini))
                [!provide]                        PROVIDE (__etext = .)
                [!provide]                        PROVIDE (_etext = .)
                [!provide]                        PROVIDE (etext = .)

.rodata         0x0000000020404c74      0x2a4
 *(.rdata)
 *(.rodata .rodata.*)
 .rodata        0x0000000020404c74       0x2c ./build/app/main_blinky.o
 .rodata        0x0000000020404ca0        0x5 ./build/FreeRTOS/tasks.o
 *fill*         0x0000000020404ca5        0x3 
 .rodata        0x0000000020404ca8        0xd ./build/FreeRTOS/timers.o
 *fill*         0x0000000020404cb5        0x3 
 .rodata.prvProcessReceivedCommands
                0x0000000020404cb8       0x28 ./build/FreeRTOS/timers.o
 .rodata        0x0000000020404ce0       0x22 ./build/FreeRTOS/_exit.o
 *fill*         0x0000000020404d02        0x2 
 .rodata        0x0000000020404d04        0x3 ./build/FreeRTOS/write_hex.o
 *fill*         0x0000000020404d07        0x1 
 .rodata        0x0000000020404d08       0x1c ./build/FreeRTOS/init.o
 .rodata        0x0000000020404d24      0x100 /nix/store/60a09h2l89daz4kij06wv31mxs013svf-riscv64-unknown-elf-toolchain-9.2.0-2855d82/lib/gcc/riscv64-unknown-elf/9.2.0/rv32imac/ilp32/libgcc.a(_clz.o)
                0x0000000020404d24                __clz_tab
 .rodata.__sf_fake_stderr
                0x0000000020404e24       0x20 /nix/store/60a09h2l89daz4kij06wv31mxs013svf-riscv64-unknown-elf-toolchain-9.2.0-2855d82/lib/gcc/riscv64-unknown-elf/9.2.0/../../../../riscv64-unknown-elf/lib/rv32imac/ilp32/libg_nano.a(lib_a-findfp.o)
                0x0000000020404e24                __sf_fake_stderr
 .rodata.__sf_fake_stdin
                0x0000000020404e44       0x20 /nix/store/60a09h2l89daz4kij06wv31mxs013svf-riscv64-unknown-elf-toolchain-9.2.0-2855d82/lib/gcc/riscv64-unknown-elf/9.2.0/../../../../riscv64-unknown-elf/lib/rv32imac/ilp32/libg_nano.a(lib_a-findfp.o)
                0x0000000020404e44                __sf_fake_stdin
 .rodata.__sf_fake_stdout
                0x0000000020404e64       0x20 /nix/store/60a09h2l89daz4kij06wv31mxs013svf-riscv64-unknown-elf-toolchain-9.2.0-2855d82/lib/gcc/riscv64-unknown-elf/9.2.0/../../../../riscv64-unknown-elf/lib/rv32imac/ilp32/libg_nano.a(lib_a-findfp.o)
                0x0000000020404e64                __sf_fake_stdout
 .rodata._vfprintf_r.str1.4
                0x0000000020404e84       0x13 /nix/store/60a09h2l89daz4kij06wv31mxs013svf-riscv64-unknown-elf-toolchain-9.2.0-2855d82/lib/gcc/riscv64-unknown-elf/9.2.0/../../../../riscv64-unknown-elf/lib/rv32imac/ilp32/libg_nano.a(lib_a-nano-vfprintf.o)
 *fill*         0x0000000020404e97        0x1 
 .rodata._printf_i.str1.4
                0x0000000020404e98       0x28 /nix/store/60a09h2l89daz4kij06wv31mxs013svf-riscv64-unknown-elf-toolchain-9.2.0-2855d82/lib/gcc/riscv64-unknown-elf/9.2.0/../../../../riscv64-unknown-elf/lib/rv32imac/ilp32/libg_nano.a(lib_a-nano-vfprintf_i.o)
                                         0x25 (size before relaxing)
 .rodata._printf_i
                0x0000000020404ec0       0x58 /nix/store/60a09h2l89daz4kij06wv31mxs013svf-riscv64-unknown-elf-toolchain-9.2.0-2855d82/lib/gcc/riscv64-unknown-elf/9.2.0/../../../../riscv64-unknown-elf/lib/rv32imac/ilp32/libg_nano.a(lib_a-nano-vfprintf_i.o)
 *(.gnu.linkonce.r.*)

.sdata2.xISRStackTop
                0x0000000020404f18        0x4
 .sdata2.xISRStackTop
                0x0000000020404f18        0x4 ./build/FreeRTOS/port.o
                0x0000000020404f18                xISRStackTop

.sdata2.uxTimerIncrementsForOneTick
                0x0000000020404f1c        0x4
 .sdata2.uxTimerIncrementsForOneTick
                0x0000000020404f1c        0x4 ./build/FreeRTOS/port.o
                0x0000000020404f1c                uxTimerIncrementsForOneTick

.sdata2._global_impure_ptr
                0x0000000020404f20        0x4
 .sdata2._global_impure_ptr
                0x0000000020404f20        0x4 /nix/store/60a09h2l89daz4kij06wv31mxs013svf-riscv64-unknown-elf-toolchain-9.2.0-2855d82/lib/gcc/riscv64-unknown-elf/9.2.0/../../../../riscv64-unknown-elf/lib/rv32imac/ilp32/libg_nano.a(lib_a-impure.o)
                0x0000000020404f20                _global_impure_ptr

.rela.dyn       0x0000000020404f24        0x0
 .rela.text.vQueueAddToRegistry
                0x0000000020404f24        0x0 ./build/app/main.o
 .rela.sdata2.xISRStackTop
                0x0000000020404f24        0x0 ./build/app/main.o
 .rela.text.xPortStartScheduler
                0x0000000020404f24        0x0 ./build/app/main.o
 .rela.sdata.curbrk.1492
                0x0000000020404f24        0x0 ./build/app/main.o
 .rela.text.__wrap_sbrk
                0x0000000020404f24        0x0 ./build/app/main.o
 .rela.text.handle_trap
                0x0000000020404f24        0x0 ./build/app/main.o
 .rela.text._init
                0x0000000020404f24        0x0 ./build/app/main.o
 .rela.init     0x0000000020404f24        0x0 ./build/app/main.o
 .rela.text.exit
                0x0000000020404f24        0x0 ./build/app/main.o
 .rela.text.__libc_fini_array
                0x0000000020404f24        0x0 ./build/app/main.o
 .rela.text.__libc_init_array
                0x0000000020404f24        0x0 ./build/app/main.o
 .rela.text.__register_exitproc
                0x0000000020404f24        0x0 ./build/app/main.o
 .rela.text._vfprintf_r
                0x0000000020404f24        0x0 ./build/app/main.o
 .rela.text._sbrk_r
                0x0000000020404f24        0x0 ./build/app/main.o
 .rela.text._write_r
                0x0000000020404f24        0x0 ./build/app/main.o
 .rela.text._close_r
                0x0000000020404f24        0x0 ./build/app/main.o
 .rela.text._lseek_r
                0x0000000020404f24        0x0 ./build/app/main.o
 .rela.text._read_r
                0x0000000020404f24        0x0 ./build/app/main.o
 .rela.text._fstat_r
                0x0000000020404f24        0x0 ./build/app/main.o
 .rela.text._isatty_r
                0x0000000020404f24        0x0 ./build/app/main.o
                0x0000000020404f24                . = ALIGN (0x4)

.preinit_array  0x0000000020404f24        0x0
                0x0000000020404f24                PROVIDE (__preinit_array_start = .)
 *(.preinit_array)
                0x0000000020404f24                PROVIDE (__preinit_array_end = .)

.init_array     0x0000000020404f24        0x0
                0x0000000020404f24                PROVIDE (__init_array_start = .)
 *(SORT_BY_INIT_PRIORITY(.init_array.*) SORT_BY_INIT_PRIORITY(.ctors.*))
 *(.init_array EXCLUDE_FILE(*crtend?.o *crtend.o *crtbegin?.o *crtbegin.o) .ctors)
                0x0000000020404f24                PROVIDE (__init_array_end = .)

.fini_array     0x0000000020404f24        0x0
                0x0000000020404f24                PROVIDE (__fini_array_start = .)
 *(SORT_BY_INIT_PRIORITY(.fini_array.*) SORT_BY_INIT_PRIORITY(.dtors.*))
 *(.fini_array EXCLUDE_FILE(*crtend?.o *crtend.o *crtbegin?.o *crtbegin.o) .dtors)
                0x0000000020404f24                PROVIDE (__fini_array_end = .)

.ctors
 *crtbegin.o(.ctors)
 *crtbegin?.o(.ctors)
 *(EXCLUDE_FILE(*crtend?.o *crtend.o) .ctors)
 *(SORT_BY_NAME(.ctors.*))
 *(.ctors)

.dtors
 *crtbegin.o(.dtors)
 *crtbegin?.o(.dtors)
 *(EXCLUDE_FILE(*crtend?.o *crtend.o) .dtors)
 *(SORT_BY_NAME(.dtors.*))
 *(.dtors)

.lalign         0x0000000020404f24        0x0
                0x0000000020404f24                . = ALIGN (0x4)
                0x0000000020404f24                PROVIDE (_data_lma = .)

.dalign         0x0000000080000000        0x0 load address 0x0000000020404f24
                0x0000000080000000                . = ALIGN (0x4)
                0x0000000080000000                PROVIDE (_data = .)

.data           0x0000000080000000       0x70 load address 0x0000000020404f24
 *(.data .data.*)
 .data.impure_data
                0x0000000080000000       0x60 /nix/store/60a09h2l89daz4kij06wv31mxs013svf-riscv64-unknown-elf-toolchain-9.2.0-2855d82/lib/gcc/riscv64-unknown-elf/9.2.0/../../../../riscv64-unknown-elf/lib/rv32imac/ilp32/libg_nano.a(lib_a-impure.o)
 *(.gnu.linkonce.d.*)
                0x0000000080000060                . = ALIGN (0x8)
                0x0000000080000860                PROVIDE (__global_pointer$ = (. + 0x800))
 *(.sdata .sdata.*)
 .sdata.pullNextTime
                0x0000000080000060        0x4 ./build/FreeRTOS/port.o
                0x0000000080000060                pullNextTime
 .sdata.curbrk.1492
                0x0000000080000064        0x4 ./build/FreeRTOS/sbrk.o
 .sdata._impure_ptr
                0x0000000080000068        0x4 /nix/store/60a09h2l89daz4kij06wv31mxs013svf-riscv64-unknown-elf-toolchain-9.2.0-2855d82/lib/gcc/riscv64-unknown-elf/9.2.0/../../../../riscv64-unknown-elf/lib/rv32imac/ilp32/libg_nano.a(lib_a-impure.o)
                0x0000000080000068                _impure_ptr
 *(.gnu.linkonce.s.*)
                0x0000000080000070                . = ALIGN (0x8)
 *fill*         0x000000008000006c        0x4 
 *(.srodata.cst16)
 *(.srodata.cst8)
 *(.srodata.cst4)
 *(.srodata.cst2)
 *(.srodata .srodata.*)
                0x0000000080000070                . = ALIGN (0x4)
                0x0000000080000070                PROVIDE (_edata = .)
                [!provide]                        PROVIDE (edata = .)
                [!provide]                        PROVIDE (_fbss = .)
                0x0000000080000070                PROVIDE (__bss_start = .)

.bss            0x0000000080000070     0x3988
 *(.sbss*)
 .sbss.xQueue   0x0000000080000070        0x4 ./build/app/main_blinky.o
 .sbss.pxCurrentTCB
                0x0000000080000074        0x4 ./build/FreeRTOS/tasks.o
                0x0000000080000074                pxCurrentTCB
 .sbss.pxDelayedTaskList
                0x0000000080000078        0x4 ./build/FreeRTOS/tasks.o
 .sbss.pxOverflowDelayedTaskList
                0x000000008000007c        0x4 ./build/FreeRTOS/tasks.o
 .sbss.uxDeletedTasksWaitingCleanUp
                0x0000000080000080        0x4 ./build/FreeRTOS/tasks.o
 .sbss.uxCurrentNumberOfTasks
                0x0000000080000084        0x4 ./build/FreeRTOS/tasks.o
 .sbss.xTickCount
                0x0000000080000088        0x4 ./build/FreeRTOS/tasks.o
 .sbss.uxTopReadyPriority
                0x000000008000008c        0x4 ./build/FreeRTOS/tasks.o
 .sbss.xSchedulerRunning
                0x0000000080000090        0x4 ./build/FreeRTOS/tasks.o
 .sbss.uxPendedTicks
                0x0000000080000094        0x4 ./build/FreeRTOS/tasks.o
 .sbss.xYieldPending
                0x0000000080000098        0x4 ./build/FreeRTOS/tasks.o
 .sbss.xNumOfOverflows
                0x000000008000009c        0x4 ./build/FreeRTOS/tasks.o
 .sbss.uxTaskNumber
                0x00000000800000a0        0x4 ./build/FreeRTOS/tasks.o
 .sbss.xNextTaskUnblockTime
                0x00000000800000a4        0x4 ./build/FreeRTOS/tasks.o
 .sbss.xIdleTaskHandle
                0x00000000800000a8        0x4 ./build/FreeRTOS/tasks.o
 .sbss.uxSchedulerSuspended
                0x00000000800000ac        0x4 ./build/FreeRTOS/tasks.o
 .sbss.pxCurrentTimerList
                0x00000000800000b0        0x4 ./build/FreeRTOS/timers.o
 .sbss.pxOverflowTimerList
                0x00000000800000b4        0x4 ./build/FreeRTOS/timers.o
 .sbss.xTimerQueue
                0x00000000800000b8        0x4 ./build/FreeRTOS/timers.o
 .sbss.xTimerTaskHandle
                0x00000000800000bc        0x4 ./build/FreeRTOS/timers.o
 .sbss.xLastTime.2735
                0x00000000800000c0        0x4 ./build/FreeRTOS/timers.o
 .sbss.xStart   0x00000000800000c4        0x8 ./build/FreeRTOS/heap_4.o
 .sbss.pxEnd    0x00000000800000cc        0x4 ./build/FreeRTOS/heap_4.o
 .sbss.xFreeBytesRemaining
                0x00000000800000d0        0x4 ./build/FreeRTOS/heap_4.o
 .sbss.xMinimumEverFreeBytesRemaining
                0x00000000800000d4        0x4 ./build/FreeRTOS/heap_4.o
 .sbss.xBlockAllocatedBit
                0x00000000800000d8        0x4 ./build/FreeRTOS/heap_4.o
 *fill*         0x00000000800000dc        0x4 
 .sbss.ullNextTime
                0x00000000800000e0        0x8 ./build/FreeRTOS/port.o
                0x00000000800000e0                ullNextTime
 .sbss.pullMachineTimerCompareRegister
                0x00000000800000e8        0x4 ./build/FreeRTOS/port.o
                0x00000000800000e8                pullMachineTimerCompareRegister
 .sbss.cpu_freq.2886
                0x00000000800000ec        0x4 ./build/FreeRTOS/init.o
 .sbss._global_atexit
                0x00000000800000f0        0x4 /nix/store/60a09h2l89daz4kij06wv31mxs013svf-riscv64-unknown-elf-toolchain-9.2.0-2855d82/lib/gcc/riscv64-unknown-elf/9.2.0/../../../../riscv64-unknown-elf/lib/rv32imac/ilp32/libg_nano.a(lib_a-__call_atexit.o)
                0x00000000800000f0                _global_atexit
 .sbss.__malloc_free_list
                0x00000000800000f4        0x4 /nix/store/60a09h2l89daz4kij06wv31mxs013svf-riscv64-unknown-elf-toolchain-9.2.0-2855d82/lib/gcc/riscv64-unknown-elf/9.2.0/../../../../riscv64-unknown-elf/lib/rv32imac/ilp32/libg_nano.a(lib_a-nano-mallocr.o)
                0x00000000800000f4                __malloc_free_list
 .sbss.__malloc_sbrk_start
                0x00000000800000f8        0x4 /nix/store/60a09h2l89daz4kij06wv31mxs013svf-riscv64-unknown-elf-toolchain-9.2.0-2855d82/lib/gcc/riscv64-unknown-elf/9.2.0/../../../../riscv64-unknown-elf/lib/rv32imac/ilp32/libg_nano.a(lib_a-nano-mallocr.o)
                0x00000000800000f8                __malloc_sbrk_start
 *(.gnu.linkonce.sb.*)
 *(.bss .bss.*)
 .bss.pxReadyTasksLists
                0x00000000800000fc       0x8c ./build/FreeRTOS/tasks.o
 .bss.xDelayedTaskList1
                0x0000000080000188       0x14 ./build/FreeRTOS/tasks.o
 .bss.xDelayedTaskList2
                0x000000008000019c       0x14 ./build/FreeRTOS/tasks.o
 .bss.xPendingReadyList
                0x00000000800001b0       0x14 ./build/FreeRTOS/tasks.o
 .bss.xTasksWaitingTermination
                0x00000000800001c4       0x14 ./build/FreeRTOS/tasks.o
 .bss.xSuspendedTaskList
                0x00000000800001d8       0x14 ./build/FreeRTOS/tasks.o
 .bss.xActiveTimerList1
                0x00000000800001ec       0x14 ./build/FreeRTOS/timers.o
 .bss.xActiveTimerList2
                0x0000000080000200       0x14 ./build/FreeRTOS/timers.o
 .bss.ucHeap    0x0000000080000214     0x3714 ./build/FreeRTOS/heap_4.o
 .bss._global_atexit0
                0x0000000080003928       0x8c /nix/store/60a09h2l89daz4kij06wv31mxs013svf-riscv64-unknown-elf-toolchain-9.2.0-2855d82/lib/gcc/riscv64-unknown-elf/9.2.0/../../../../riscv64-unknown-elf/lib/rv32imac/ilp32/libg_nano.a(lib_a-__atexit.o)
 *(.gnu.linkonce.b.*)
 *(COMMON)
 COMMON         0x00000000800039b4       0x40 ./build/FreeRTOS/queue.o
                0x00000000800039b4                xQueueRegistry
 COMMON         0x00000000800039f4        0x4 /nix/store/60a09h2l89daz4kij06wv31mxs013svf-riscv64-unknown-elf-toolchain-9.2.0-2855d82/lib/gcc/riscv64-unknown-elf/9.2.0/../../../../riscv64-unknown-elf/lib/rv32imac/ilp32/libg_nano.a(lib_a-reent.o)
                0x00000000800039f4                errno
                0x00000000800039f8                . = ALIGN (0x4)
                0x00000000800039f8                . = ALIGN (0x8)
                0x00000000800039f8                PROVIDE (_end = .)
                [!provide]                        PROVIDE (end = .)

.stack          0x0000000080003c00      0x400 load address 0x00000000800039f8
                0x0000000080003c00                PROVIDE (_heap_end = .)
                0x0000000000000400                . = __stack_size
 *fill*         0x0000000080003c00      0x400 
                0x0000000080004000                PROVIDE (_sp = .)
                0x0000000080004000                __freertos_irq_stack_top = .
OUTPUT(build/FreeRTOS-simple.elf elf32-littleriscv)

.debug_info     0x0000000000000000     0xd67d
 .debug_info    0x0000000000000000      0x156 ./build/app/main.o
 .debug_info    0x0000000000000156      0xac3 ./build/app/main_blinky.o
 .debug_info    0x0000000000000c19      0xb71 ./build/FreeRTOS/list.o
 .debug_info    0x000000000000178a     0x1867 ./build/FreeRTOS/queue.o
 .debug_info    0x0000000000002ff1     0x1e50 ./build/FreeRTOS/tasks.o
 .debug_info    0x0000000000004e41     0x141c ./build/FreeRTOS/timers.o
 .debug_info    0x000000000000625d      0xbc0 ./build/FreeRTOS/heap_4.o
 .debug_info    0x0000000000006e1d      0xaff ./build/FreeRTOS/port.o
 .debug_info    0x000000000000791c       0x26 ./build/FreeRTOS/portASM.o
 .debug_info    0x0000000000007942      0x121 ./build/FreeRTOS/_exit.o
 .debug_info    0x0000000000007a63      0x996 ./build/FreeRTOS/close.o
 .debug_info    0x00000000000083f9      0xc23 ./build/FreeRTOS/fstat.o
 .debug_info    0x000000000000901c       0xf7 ./build/FreeRTOS/isatty.o
 .debug_info    0x0000000000009113      0xa1a ./build/FreeRTOS/lseek.o
 .debug_info    0x0000000000009b2d      0xaa2 ./build/FreeRTOS/read.o
 .debug_info    0x000000000000a5cf       0xf1 ./build/FreeRTOS/sbrk.o
 .debug_info    0x000000000000a6c0      0xa83 ./build/FreeRTOS/write.o
 .debug_info    0x000000000000b143      0x15e ./build/FreeRTOS/write_hex.o
 .debug_info    0x000000000000b2a1      0xc4f ./build/FreeRTOS/init.o
 .debug_info    0x000000000000bef0       0x26 ./build/FreeRTOS/entry.o
 .debug_info    0x000000000000bf16       0x26 ./build/FreeRTOS/start.o
 .debug_info    0x000000000000bf3c      0xbd7 /nix/store/60a09h2l89daz4kij06wv31mxs013svf-riscv64-unknown-elf-toolchain-9.2.0-2855d82/lib/gcc/riscv64-unknown-elf/9.2.0/rv32imac/ilp32/libgcc.a(_clzsi2.o)
 .debug_info    0x000000000000cb13      0xb6a /nix/store/60a09h2l89daz4kij06wv31mxs013svf-riscv64-unknown-elf-toolchain-9.2.0-2855d82/lib/gcc/riscv64-unknown-elf/9.2.0/rv32imac/ilp32/libgcc.a(_clz.o)

.debug_abbrev   0x0000000000000000     0x27e0
 .debug_abbrev  0x0000000000000000       0xc7 ./build/app/main.o
 .debug_abbrev  0x00000000000000c7      0x20e ./build/app/main_blinky.o
 .debug_abbrev  0x00000000000002d5      0x235 ./build/FreeRTOS/list.o
 .debug_abbrev  0x000000000000050a      0x322 ./build/FreeRTOS/queue.o
 .debug_abbrev  0x000000000000082c      0x365 ./build/FreeRTOS/tasks.o
 .debug_abbrev  0x0000000000000b91      0x2d7 ./build/FreeRTOS/timers.o
 .debug_abbrev  0x0000000000000e68      0x2cb ./build/FreeRTOS/heap_4.o
 .debug_abbrev  0x0000000000001133      0x258 ./build/FreeRTOS/port.o
 .debug_abbrev  0x000000000000138b       0x14 ./build/FreeRTOS/portASM.o
 .debug_abbrev  0x000000000000139f       0xa0 ./build/FreeRTOS/_exit.o
 .debug_abbrev  0x000000000000143f      0x206 ./build/FreeRTOS/close.o
 .debug_abbrev  0x0000000000001645      0x206 ./build/FreeRTOS/fstat.o
 .debug_abbrev  0x000000000000184b       0x76 ./build/FreeRTOS/isatty.o
 .debug_abbrev  0x00000000000018c1      0x206 ./build/FreeRTOS/lseek.o
 .debug_abbrev  0x0000000000001ac7      0x21e ./build/FreeRTOS/read.o
 .debug_abbrev  0x0000000000001ce5       0xad ./build/FreeRTOS/sbrk.o
 .debug_abbrev  0x0000000000001d92      0x236 ./build/FreeRTOS/write.o
 .debug_abbrev  0x0000000000001fc8       0xae ./build/FreeRTOS/write_hex.o
 .debug_abbrev  0x0000000000002076      0x318 ./build/FreeRTOS/init.o
 .debug_abbrev  0x000000000000238e       0x14 ./build/FreeRTOS/entry.o
 .debug_abbrev  0x00000000000023a2       0x14 ./build/FreeRTOS/start.o
 .debug_abbrev  0x00000000000023b6      0x242 /nix/store/60a09h2l89daz4kij06wv31mxs013svf-riscv64-unknown-elf-toolchain-9.2.0-2855d82/lib/gcc/riscv64-unknown-elf/9.2.0/rv32imac/ilp32/libgcc.a(_clzsi2.o)
 .debug_abbrev  0x00000000000025f8      0x1e8 /nix/store/60a09h2l89daz4kij06wv31mxs013svf-riscv64-unknown-elf-toolchain-9.2.0-2855d82/lib/gcc/riscv64-unknown-elf/9.2.0/rv32imac/ilp32/libgcc.a(_clz.o)

.debug_aranges  0x0000000000000000      0x738
 .debug_aranges
                0x0000000000000000       0x48 ./build/app/main.o
 .debug_aranges
                0x0000000000000048       0x30 ./build/app/main_blinky.o
 .debug_aranges
                0x0000000000000078       0x40 ./build/FreeRTOS/list.o
 .debug_aranges
                0x00000000000000b8      0x118 ./build/FreeRTOS/queue.o
 .debug_aranges
                0x00000000000001d0      0x1c8 ./build/FreeRTOS/tasks.o
 .debug_aranges
                0x0000000000000398       0xc8 ./build/FreeRTOS/timers.o
 .debug_aranges
                0x0000000000000460       0x50 ./build/FreeRTOS/heap_4.o
 .debug_aranges
                0x00000000000004b0       0x30 ./build/FreeRTOS/port.o
 .debug_aranges
                0x00000000000004e0       0x20 ./build/FreeRTOS/portASM.o
 .debug_aranges
                0x0000000000000500       0x20 ./build/FreeRTOS/_exit.o
 .debug_aranges
                0x0000000000000520       0x28 ./build/FreeRTOS/close.o
 .debug_aranges
                0x0000000000000548       0x28 ./build/FreeRTOS/fstat.o
 .debug_aranges
                0x0000000000000570       0x20 ./build/FreeRTOS/isatty.o
 .debug_aranges
                0x0000000000000590       0x28 ./build/FreeRTOS/lseek.o
 .debug_aranges
                0x00000000000005b8       0x28 ./build/FreeRTOS/read.o
 .debug_aranges
                0x00000000000005e0       0x20 ./build/FreeRTOS/sbrk.o
 .debug_aranges
                0x0000000000000600       0x28 ./build/FreeRTOS/write.o
 .debug_aranges
                0x0000000000000628       0x20 ./build/FreeRTOS/write_hex.o
 .debug_aranges
                0x0000000000000648       0x78 ./build/FreeRTOS/init.o
 .debug_aranges
                0x00000000000006c0       0x20 ./build/FreeRTOS/entry.o
 .debug_aranges
                0x00000000000006e0       0x20 ./build/FreeRTOS/start.o
 .debug_aranges
                0x0000000000000700       0x20 /nix/store/60a09h2l89daz4kij06wv31mxs013svf-riscv64-unknown-elf-toolchain-9.2.0-2855d82/lib/gcc/riscv64-unknown-elf/9.2.0/rv32imac/ilp32/libgcc.a(_clzsi2.o)
 .debug_aranges
                0x0000000000000720       0x18 /nix/store/60a09h2l89daz4kij06wv31mxs013svf-riscv64-unknown-elf-toolchain-9.2.0-2855d82/lib/gcc/riscv64-unknown-elf/9.2.0/rv32imac/ilp32/libgcc.a(_clz.o)

.debug_ranges   0x0000000000000000      0x5a0
 .debug_ranges  0x0000000000000000       0x38 ./build/app/main.o
 .debug_ranges  0x0000000000000038       0x20 ./build/app/main_blinky.o
 .debug_ranges  0x0000000000000058       0x30 ./build/FreeRTOS/list.o
 .debug_ranges  0x0000000000000088      0x108 ./build/FreeRTOS/queue.o
 .debug_ranges  0x0000000000000190      0x1b8 ./build/FreeRTOS/tasks.o
 .debug_ranges  0x0000000000000348       0xb8 ./build/FreeRTOS/timers.o
 .debug_ranges  0x0000000000000400       0x40 ./build/FreeRTOS/heap_4.o
 .debug_ranges  0x0000000000000440       0x20 ./build/FreeRTOS/port.o
 .debug_ranges  0x0000000000000460       0x10 ./build/FreeRTOS/_exit.o
 .debug_ranges  0x0000000000000470       0x18 ./build/FreeRTOS/close.o
 .debug_ranges  0x0000000000000488       0x18 ./build/FreeRTOS/fstat.o
 .debug_ranges  0x00000000000004a0       0x10 ./build/FreeRTOS/isatty.o
 .debug_ranges  0x00000000000004b0       0x18 ./build/FreeRTOS/lseek.o
 .debug_ranges  0x00000000000004c8       0x18 ./build/FreeRTOS/read.o
 .debug_ranges  0x00000000000004e0       0x10 ./build/FreeRTOS/sbrk.o
 .debug_ranges  0x00000000000004f0       0x18 ./build/FreeRTOS/write.o
 .debug_ranges  0x0000000000000508       0x10 ./build/FreeRTOS/write_hex.o
 .debug_ranges  0x0000000000000518       0x68 ./build/FreeRTOS/init.o
 .debug_ranges  0x0000000000000580       0x20 /nix/store/60a09h2l89daz4kij06wv31mxs013svf-riscv64-unknown-elf-toolchain-9.2.0-2855d82/lib/gcc/riscv64-unknown-elf/9.2.0/rv32imac/ilp32/libgcc.a(_clzsi2.o)

.debug_macro    0x0000000000000000     0x58e8
 .debug_macro   0x0000000000000000      0x160 ./build/app/main.o
 .debug_macro   0x0000000000000160      0x76c ./build/app/main.o
 .debug_macro   0x00000000000008cc       0x22 ./build/app/main.o
 .debug_macro   0x00000000000008ee       0x8e ./build/app/main.o
 .debug_macro   0x000000000000097c       0x51 ./build/app/main.o
 .debug_macro   0x00000000000009cd      0x174 ./build/app/main.o
 .debug_macro   0x0000000000000b41      0x339 ./build/app/main.o
 .debug_macro   0x0000000000000e7a      0x103 ./build/app/main.o
 .debug_macro   0x0000000000000f7d       0x6a ./build/app/main.o
 .debug_macro   0x0000000000000fe7      0x1df ./build/app/main.o
 .debug_macro   0x00000000000011c6       0x16 ./build/app/main.o
 .debug_macro   0x00000000000011dc       0x22 ./build/app/main.o
 .debug_macro   0x00000000000011fe      0x1a2 ./build/app/main.o
 .debug_macro   0x00000000000013a0       0x2e ./build/app/main.o
 .debug_macro   0x00000000000013ce       0x70 ./build/app/main.o
 .debug_macro   0x000000000000143e       0x5e ./build/app/main.o
 .debug_macro   0x000000000000149c       0x5e ./build/app/main.o
 .debug_macro   0x00000000000014fa       0xe2 ./build/app/main.o
 .debug_macro   0x00000000000015dc       0xa0 ./build/app/main.o
 .debug_macro   0x000000000000167c      0x130 ./build/app/main.o
 .debug_macro   0x00000000000017ac       0x58 ./build/app/main.o
 .debug_macro   0x0000000000001804      0x1f0 ./build/app/main.o
 .debug_macro   0x00000000000019f4       0xd0 ./build/app/main.o
 .debug_macro   0x0000000000001ac4      0x140 ./build/app/main.o
 .debug_macro   0x0000000000001c04      0x15a ./build/app/main.o
 .debug_macro   0x0000000000001d5e       0xe0 ./build/app/main.o
 .debug_macro   0x0000000000001e3e       0x10 ./build/app/main.o
 .debug_macro   0x0000000000001e4e       0x1f ./build/app/main.o
 .debug_macro   0x0000000000001e6d      0x486 ./build/app/main.o
 .debug_macro   0x00000000000022f3       0xb5 ./build/app/main.o
 .debug_macro   0x00000000000023a8       0x8c ./build/app/main.o
 .debug_macro   0x0000000000002434      0x30a ./build/app/main_blinky.o
 .debug_macro   0x000000000000273e       0x52 ./build/app/main_blinky.o
 .debug_macro   0x0000000000002790       0x19 ./build/app/main_blinky.o
 .debug_macro   0x00000000000027a9       0x34 ./build/app/main_blinky.o
 .debug_macro   0x00000000000027dd       0x34 ./build/app/main_blinky.o
 .debug_macro   0x0000000000002811       0x16 ./build/app/main_blinky.o
 .debug_macro   0x0000000000002827       0x35 ./build/app/main_blinky.o
 .debug_macro   0x000000000000285c       0x10 ./build/app/main_blinky.o
 .debug_macro   0x000000000000286c       0x16 ./build/app/main_blinky.o
 .debug_macro   0x0000000000002882       0x43 ./build/app/main_blinky.o
 .debug_macro   0x00000000000028c5       0x34 ./build/app/main_blinky.o
 .debug_macro   0x00000000000028f9       0x10 ./build/app/main_blinky.o
 .debug_macro   0x0000000000002909       0x52 ./build/app/main_blinky.o
 .debug_macro   0x000000000000295b      0x182 ./build/app/main_blinky.o
 .debug_macro   0x0000000000002add       0x10 ./build/app/main_blinky.o
 .debug_macro   0x0000000000002aed       0x1c ./build/app/main_blinky.o
 .debug_macro   0x0000000000002b09       0x52 ./build/app/main_blinky.o
 .debug_macro   0x0000000000002b5b       0x40 ./build/app/main_blinky.o
 .debug_macro   0x0000000000002b9b       0x10 ./build/app/main_blinky.o
 .debug_macro   0x0000000000002bab       0x40 ./build/app/main_blinky.o
 .debug_macro   0x0000000000002beb       0xd5 ./build/app/main_blinky.o
 .debug_macro   0x0000000000002cc0       0x1c ./build/app/main_blinky.o
 .debug_macro   0x0000000000002cdc       0x3d ./build/app/main_blinky.o
 .debug_macro   0x0000000000002d19       0x16 ./build/app/main_blinky.o
 .debug_macro   0x0000000000002d2f      0x16f ./build/app/main_blinky.o
 .debug_macro   0x0000000000002e9e       0x16 ./build/app/main_blinky.o
 .debug_macro   0x0000000000002eb4       0x16 ./build/app/main_blinky.o
 .debug_macro   0x0000000000002eca      0x51a ./build/app/main_blinky.o
 .debug_macro   0x00000000000033e4       0x86 ./build/app/main_blinky.o
 .debug_macro   0x000000000000346a      0x1f5 ./build/FreeRTOS/list.o
 .debug_macro   0x000000000000365f      0x281 ./build/FreeRTOS/queue.o
 .debug_macro   0x00000000000038e0      0x2ef ./build/FreeRTOS/tasks.o
 .debug_macro   0x0000000000003bcf       0x10 ./build/FreeRTOS/tasks.o
 .debug_macro   0x0000000000003bdf      0x238 ./build/FreeRTOS/timers.o
 .debug_macro   0x0000000000003e17      0x21c ./build/FreeRTOS/heap_4.o
 .debug_macro   0x0000000000004033      0x21d ./build/FreeRTOS/port.o
 .debug_macro   0x0000000000004250      0x1f3 ./build/FreeRTOS/_exit.o
 .debug_macro   0x0000000000004443       0x10 ./build/FreeRTOS/_exit.o
 .debug_macro   0x0000000000004453      0x1de ./build/FreeRTOS/_exit.o
 .debug_macro   0x0000000000004631       0x16 ./build/FreeRTOS/_exit.o
 .debug_macro   0x0000000000004647       0x10 ./build/FreeRTOS/_exit.o
 .debug_macro   0x0000000000004657       0xed ./build/FreeRTOS/close.o
 .debug_macro   0x0000000000004744       0x10 ./build/FreeRTOS/close.o
 .debug_macro   0x0000000000004754      0x23b ./build/FreeRTOS/close.o
 .debug_macro   0x000000000000498f      0x1e5 ./build/FreeRTOS/fstat.o
 .debug_macro   0x0000000000004b74       0x10 ./build/FreeRTOS/fstat.o
 .debug_macro   0x0000000000004b84       0x10 ./build/FreeRTOS/fstat.o
 .debug_macro   0x0000000000004b94       0x10 ./build/FreeRTOS/fstat.o
 .debug_macro   0x0000000000004ba4       0x35 ./build/FreeRTOS/fstat.o
 .debug_macro   0x0000000000004bd9      0x122 ./build/FreeRTOS/fstat.o
 .debug_macro   0x0000000000004cfb      0x15b ./build/FreeRTOS/isatty.o
 .debug_macro   0x0000000000004e56      0x19d ./build/FreeRTOS/lseek.o
 .debug_macro   0x0000000000004ff3      0x230 ./build/FreeRTOS/read.o
 .debug_macro   0x0000000000005223       0x5d ./build/FreeRTOS/sbrk.o
 .debug_macro   0x0000000000005280      0x230 ./build/FreeRTOS/write.o
 .debug_macro   0x00000000000054b0      0x1e5 ./build/FreeRTOS/write_hex.o
 .debug_macro   0x0000000000005695      0x253 ./build/FreeRTOS/init.o

.debug_line     0x0000000000000000     0xb619
 .debug_line    0x0000000000000000      0x542 ./build/app/main.o
 .debug_line    0x0000000000000542      0x6de ./build/app/main_blinky.o
 .debug_line    0x0000000000000c20      0x70e ./build/FreeRTOS/list.o
 .debug_line    0x000000000000132e     0x1e12 ./build/FreeRTOS/queue.o
 .debug_line    0x0000000000003140     0x26f8 ./build/FreeRTOS/tasks.o
 .debug_line    0x0000000000005838      0xed5 ./build/FreeRTOS/timers.o
 .debug_line    0x000000000000670d      0xa6f ./build/FreeRTOS/heap_4.o
 .debug_line    0x000000000000717c      0x64b ./build/FreeRTOS/port.o
 .debug_line    0x00000000000077c7      0x459 ./build/FreeRTOS/portASM.o
 .debug_line    0x0000000000007c20      0x4ea ./build/FreeRTOS/_exit.o
 .debug_line    0x000000000000810a      0x350 ./build/FreeRTOS/close.o
 .debug_line    0x000000000000845a      0x453 ./build/FreeRTOS/fstat.o
 .debug_line    0x00000000000088ad      0x3cc ./build/FreeRTOS/isatty.o
 .debug_line    0x0000000000008c79      0x420 ./build/FreeRTOS/lseek.o
 .debug_line    0x0000000000009099      0x5bc ./build/FreeRTOS/read.o
 .debug_line    0x0000000000009655      0x2e9 ./build/FreeRTOS/sbrk.o
 .debug_line    0x000000000000993e      0x5ed ./build/FreeRTOS/write.o
 .debug_line    0x0000000000009f2b      0x555 ./build/FreeRTOS/write_hex.o
 .debug_line    0x000000000000a480      0x927 ./build/FreeRTOS/init.o
 .debug_line    0x000000000000ada7      0x1fc ./build/FreeRTOS/entry.o
 .debug_line    0x000000000000afa3       0xee ./build/FreeRTOS/start.o
 .debug_line    0x000000000000b091      0x30a /nix/store/60a09h2l89daz4kij06wv31mxs013svf-riscv64-unknown-elf-toolchain-9.2.0-2855d82/lib/gcc/riscv64-unknown-elf/9.2.0/rv32imac/ilp32/libgcc.a(_clzsi2.o)
 .debug_line    0x000000000000b39b      0x27e /nix/store/60a09h2l89daz4kij06wv31mxs013svf-riscv64-unknown-elf-toolchain-9.2.0-2855d82/lib/gcc/riscv64-unknown-elf/9.2.0/rv32imac/ilp32/libgcc.a(_clz.o)

.debug_str      0x0000000000000000    0x16ef3
 .debug_str     0x0000000000000000     0xa7e4 ./build/app/main.o
                                       0xa9db (size before relaxing)
 .debug_str     0x000000000000a7e4     0x40dd ./build/app/main_blinky.o
                                       0xea9d (size before relaxing)
 .debug_str     0x000000000000e8c1      0x216 ./build/FreeRTOS/list.o
                                       0xbbd3 (size before relaxing)
 .debug_str     0x000000000000ead7      0x7f8 ./build/FreeRTOS/queue.o
                                       0xd0ca (size before relaxing)
 .debug_str     0x000000000000f2cf     0x1bb6 ./build/FreeRTOS/tasks.o
                                       0xde77 (size before relaxing)
 .debug_str     0x0000000000010e85      0x4ea ./build/FreeRTOS/timers.o
                                       0xd5c1 (size before relaxing)
 .debug_str     0x000000000001136f      0x233 ./build/FreeRTOS/heap_4.o
                                       0xc2e0 (size before relaxing)
 .debug_str     0x00000000000115a2      0x1c3 ./build/FreeRTOS/port.o
                                       0xc18d (size before relaxing)
 .debug_str     0x0000000000011765       0x37 ./build/FreeRTOS/portASM.o
                                         0x8d (size before relaxing)
 .debug_str     0x000000000001179c       0xd5 ./build/FreeRTOS/_exit.o
                                       0x8ead (size before relaxing)
 .debug_str     0x0000000000011871      0x349 ./build/FreeRTOS/close.o
                                       0x5bd8 (size before relaxing)
 .debug_str     0x0000000000011bba      0x64b ./build/FreeRTOS/fstat.o
                                       0x7f5a (size before relaxing)
 .debug_str     0x0000000000012205       0x33 ./build/FreeRTOS/isatty.o
                                       0x61a7 (size before relaxing)
 .debug_str     0x0000000000012238       0x31 ./build/FreeRTOS/lseek.o
                                       0x78c9 (size before relaxing)
 .debug_str     0x0000000000012269       0x4b ./build/FreeRTOS/read.o
                                       0xa60d (size before relaxing)
 .debug_str     0x00000000000122b4       0x45 ./build/FreeRTOS/sbrk.o
                                       0x4126 (size before relaxing)
 .debug_str     0x00000000000122f9       0x31 ./build/FreeRTOS/write.o
                                       0xa5f4 (size before relaxing)
 .debug_str     0x000000000001232a       0x41 ./build/FreeRTOS/write_hex.o
                                       0x8e2b (size before relaxing)
 .debug_str     0x000000000001236b     0x4886 ./build/FreeRTOS/init.o
                                       0xefd4 (size before relaxing)
 .debug_str     0x0000000000016bf1       0x1c ./build/FreeRTOS/entry.o
                                         0x7e (size before relaxing)
 .debug_str     0x0000000000016c0d       0x1c ./build/FreeRTOS/start.o
                                         0x7e (size before relaxing)
 .debug_str     0x0000000000016c29      0x2ca /nix/store/60a09h2l89daz4kij06wv31mxs013svf-riscv64-unknown-elf-toolchain-9.2.0-2855d82/lib/gcc/riscv64-unknown-elf/9.2.0/rv32imac/ilp32/libgcc.a(_clzsi2.o)
                                        0x7c5 (size before relaxing)
 .debug_str     0x0000000000016ef3      0x7a8 /nix/store/60a09h2l89daz4kij06wv31mxs013svf-riscv64-unknown-elf-toolchain-9.2.0-2855d82/lib/gcc/riscv64-unknown-elf/9.2.0/rv32imac/ilp32/libgcc.a(_clz.o)

.comment        0x0000000000000000       0x11
 .comment       0x0000000000000000       0x11 ./build/app/main.o
                                         0x12 (size before relaxing)
 .comment       0x0000000000000011       0x12 ./build/app/main_blinky.o
 .comment       0x0000000000000011       0x12 ./build/FreeRTOS/list.o
 .comment       0x0000000000000011       0x12 ./build/FreeRTOS/queue.o
 .comment       0x0000000000000011       0x12 ./build/FreeRTOS/tasks.o
 .comment       0x0000000000000011       0x12 ./build/FreeRTOS/timers.o
 .comment       0x0000000000000011       0x12 ./build/FreeRTOS/heap_4.o
 .comment       0x0000000000000011       0x12 ./build/FreeRTOS/port.o
 .comment       0x0000000000000011       0x12 ./build/FreeRTOS/_exit.o
 .comment       0x0000000000000011       0x12 ./build/FreeRTOS/close.o
 .comment       0x0000000000000011       0x12 ./build/FreeRTOS/fstat.o
 .comment       0x0000000000000011       0x12 ./build/FreeRTOS/isatty.o
 .comment       0x0000000000000011       0x12 ./build/FreeRTOS/lseek.o
 .comment       0x0000000000000011       0x12 ./build/FreeRTOS/read.o
 .comment       0x0000000000000011       0x12 ./build/FreeRTOS/sbrk.o
 .comment       0x0000000000000011       0x12 ./build/FreeRTOS/write.o
 .comment       0x0000000000000011       0x12 ./build/FreeRTOS/write_hex.o
 .comment       0x0000000000000011       0x12 ./build/FreeRTOS/init.o
 .comment       0x0000000000000011       0x12 /nix/store/60a09h2l89daz4kij06wv31mxs013svf-riscv64-unknown-elf-toolchain-9.2.0-2855d82/lib/gcc/riscv64-unknown-elf/9.2.0/rv32imac/ilp32/libgcc.a(_clzsi2.o)
 .comment       0x0000000000000011       0x12 /nix/store/60a09h2l89daz4kij06wv31mxs013svf-riscv64-unknown-elf-toolchain-9.2.0-2855d82/lib/gcc/riscv64-unknown-elf/9.2.0/rv32imac/ilp32/libgcc.a(_clz.o)
 .comment       0x0000000000000011       0x12 /nix/store/60a09h2l89daz4kij06wv31mxs013svf-riscv64-unknown-elf-toolchain-9.2.0-2855d82/lib/gcc/riscv64-unknown-elf/9.2.0/../../../../riscv64-unknown-elf/lib/rv32imac/ilp32/libg_nano.a(lib_a-atexit.o)
 .comment       0x0000000000000011       0x12 /nix/store/60a09h2l89daz4kij06wv31mxs013svf-riscv64-unknown-elf-toolchain-9.2.0-2855d82/lib/gcc/riscv64-unknown-elf/9.2.0/../../../../riscv64-unknown-elf/lib/rv32imac/ilp32/libg_nano.a(lib_a-exit.o)
 .comment       0x0000000000000011       0x12 /nix/store/60a09h2l89daz4kij06wv31mxs013svf-riscv64-unknown-elf-toolchain-9.2.0-2855d82/lib/gcc/riscv64-unknown-elf/9.2.0/../../../../riscv64-unknown-elf/lib/rv32imac/ilp32/libg_nano.a(lib_a-fini.o)
 .comment       0x0000000000000011       0x12 /nix/store/60a09h2l89daz4kij06wv31mxs013svf-riscv64-unknown-elf-toolchain-9.2.0-2855d82/lib/gcc/riscv64-unknown-elf/9.2.0/../../../../riscv64-unknown-elf/lib/rv32imac/ilp32/libg_nano.a(lib_a-impure.o)
 .comment       0x0000000000000011       0x12 /nix/store/60a09h2l89daz4kij06wv31mxs013svf-riscv64-unknown-elf-toolchain-9.2.0-2855d82/lib/gcc/riscv64-unknown-elf/9.2.0/../../../../riscv64-unknown-elf/lib/rv32imac/ilp32/libg_nano.a(lib_a-init.o)
 .comment       0x0000000000000011       0x12 /nix/store/60a09h2l89daz4kij06wv31mxs013svf-riscv64-unknown-elf-toolchain-9.2.0-2855d82/lib/gcc/riscv64-unknown-elf/9.2.0/../../../../riscv64-unknown-elf/lib/rv32imac/ilp32/libg_nano.a(lib_a-printf.o)
 .comment       0x0000000000000011       0x12 /nix/store/60a09h2l89daz4kij06wv31mxs013svf-riscv64-unknown-elf-toolchain-9.2.0-2855d82/lib/gcc/riscv64-unknown-elf/9.2.0/../../../../riscv64-unknown-elf/lib/rv32imac/ilp32/libg_nano.a(lib_a-strlen.o)
 .comment       0x0000000000000011       0x12 /nix/store/60a09h2l89daz4kij06wv31mxs013svf-riscv64-unknown-elf-toolchain-9.2.0-2855d82/lib/gcc/riscv64-unknown-elf/9.2.0/../../../../riscv64-unknown-elf/lib/rv32imac/ilp32/libg_nano.a(lib_a-__atexit.o)
 .comment       0x0000000000000011       0x12 /nix/store/60a09h2l89daz4kij06wv31mxs013svf-riscv64-unknown-elf-toolchain-9.2.0-2855d82/lib/gcc/riscv64-unknown-elf/9.2.0/../../../../riscv64-unknown-elf/lib/rv32imac/ilp32/libg_nano.a(lib_a-__call_atexit.o)
 .comment       0x0000000000000011       0x12 /nix/store/60a09h2l89daz4kij06wv31mxs013svf-riscv64-unknown-elf-toolchain-9.2.0-2855d82/lib/gcc/riscv64-unknown-elf/9.2.0/../../../../riscv64-unknown-elf/lib/rv32imac/ilp32/libg_nano.a(lib_a-findfp.o)
 .comment       0x0000000000000011       0x12 /nix/store/60a09h2l89daz4kij06wv31mxs013svf-riscv64-unknown-elf-toolchain-9.2.0-2855d82/lib/gcc/riscv64-unknown-elf/9.2.0/../../../../riscv64-unknown-elf/lib/rv32imac/ilp32/libg_nano.a(lib_a-fwalk.o)
 .comment       0x0000000000000011       0x12 /nix/store/60a09h2l89daz4kij06wv31mxs013svf-riscv64-unknown-elf-toolchain-9.2.0-2855d82/lib/gcc/riscv64-unknown-elf/9.2.0/../../../../riscv64-unknown-elf/lib/rv32imac/ilp32/libg_nano.a(lib_a-nano-mallocr.o)
 .comment       0x0000000000000011       0x12 /nix/store/60a09h2l89daz4kij06wv31mxs013svf-riscv64-unknown-elf-toolchain-9.2.0-2855d82/lib/gcc/riscv64-unknown-elf/9.2.0/../../../../riscv64-unknown-elf/lib/rv32imac/ilp32/libg_nano.a(lib_a-nano-vfprintf.o)
 .comment       0x0000000000000011       0x12 /nix/store/60a09h2l89daz4kij06wv31mxs013svf-riscv64-unknown-elf-toolchain-9.2.0-2855d82/lib/gcc/riscv64-unknown-elf/9.2.0/../../../../riscv64-unknown-elf/lib/rv32imac/ilp32/libg_nano.a(lib_a-nano-vfprintf_i.o)
 .comment       0x0000000000000011       0x12 /nix/store/60a09h2l89daz4kij06wv31mxs013svf-riscv64-unknown-elf-toolchain-9.2.0-2855d82/lib/gcc/riscv64-unknown-elf/9.2.0/../../../../riscv64-unknown-elf/lib/rv32imac/ilp32/libg_nano.a(lib_a-sbrkr.o)
 .comment       0x0000000000000011       0x12 /nix/store/60a09h2l89daz4kij06wv31mxs013svf-riscv64-unknown-elf-toolchain-9.2.0-2855d82/lib/gcc/riscv64-unknown-elf/9.2.0/../../../../riscv64-unknown-elf/lib/rv32imac/ilp32/libg_nano.a(lib_a-stdio.o)
 .comment       0x0000000000000011       0x12 /nix/store/60a09h2l89daz4kij06wv31mxs013svf-riscv64-unknown-elf-toolchain-9.2.0-2855d82/lib/gcc/riscv64-unknown-elf/9.2.0/../../../../riscv64-unknown-elf/lib/rv32imac/ilp32/libg_nano.a(lib_a-wbuf.o)
 .comment       0x0000000000000011       0x12 /nix/store/60a09h2l89daz4kij06wv31mxs013svf-riscv64-unknown-elf-toolchain-9.2.0-2855d82/lib/gcc/riscv64-unknown-elf/9.2.0/../../../../riscv64-unknown-elf/lib/rv32imac/ilp32/libg_nano.a(lib_a-writer.o)
 .comment       0x0000000000000011       0x12 /nix/store/60a09h2l89daz4kij06wv31mxs013svf-riscv64-unknown-elf-toolchain-9.2.0-2855d82/lib/gcc/riscv64-unknown-elf/9.2.0/../../../../riscv64-unknown-elf/lib/rv32imac/ilp32/libg_nano.a(lib_a-wsetup.o)
 .comment       0x0000000000000011       0x12 /nix/store/60a09h2l89daz4kij06wv31mxs013svf-riscv64-unknown-elf-toolchain-9.2.0-2855d82/lib/gcc/riscv64-unknown-elf/9.2.0/../../../../riscv64-unknown-elf/lib/rv32imac/ilp32/libg_nano.a(lib_a-closer.o)
 .comment       0x0000000000000011       0x12 /nix/store/60a09h2l89daz4kij06wv31mxs013svf-riscv64-unknown-elf-toolchain-9.2.0-2855d82/lib/gcc/riscv64-unknown-elf/9.2.0/../../../../riscv64-unknown-elf/lib/rv32imac/ilp32/libg_nano.a(lib_a-fflush.o)
 .comment       0x0000000000000011       0x12 /nix/store/60a09h2l89daz4kij06wv31mxs013svf-riscv64-unknown-elf-toolchain-9.2.0-2855d82/lib/gcc/riscv64-unknown-elf/9.2.0/../../../../riscv64-unknown-elf/lib/rv32imac/ilp32/libg_nano.a(lib_a-lseekr.o)
 .comment       0x0000000000000011       0x12 /nix/store/60a09h2l89daz4kij06wv31mxs013svf-riscv64-unknown-elf-toolchain-9.2.0-2855d82/lib/gcc/riscv64-unknown-elf/9.2.0/../../../../riscv64-unknown-elf/lib/rv32imac/ilp32/libg_nano.a(lib_a-makebuf.o)
 .comment       0x0000000000000011       0x12 /nix/store/60a09h2l89daz4kij06wv31mxs013svf-riscv64-unknown-elf-toolchain-9.2.0-2855d82/lib/gcc/riscv64-unknown-elf/9.2.0/../../../../riscv64-unknown-elf/lib/rv32imac/ilp32/libg_nano.a(lib_a-memchr.o)
 .comment       0x0000000000000011       0x12 /nix/store/60a09h2l89daz4kij06wv31mxs013svf-riscv64-unknown-elf-toolchain-9.2.0-2855d82/lib/gcc/riscv64-unknown-elf/9.2.0/../../../../riscv64-unknown-elf/lib/rv32imac/ilp32/libg_nano.a(lib_a-mlock.o)
 .comment       0x0000000000000011       0x12 /nix/store/60a09h2l89daz4kij06wv31mxs013svf-riscv64-unknown-elf-toolchain-9.2.0-2855d82/lib/gcc/riscv64-unknown-elf/9.2.0/../../../../riscv64-unknown-elf/lib/rv32imac/ilp32/libg_nano.a(lib_a-nano-freer.o)
 .comment       0x0000000000000011       0x12 /nix/store/60a09h2l89daz4kij06wv31mxs013svf-riscv64-unknown-elf-toolchain-9.2.0-2855d82/lib/gcc/riscv64-unknown-elf/9.2.0/../../../../riscv64-unknown-elf/lib/rv32imac/ilp32/libg_nano.a(lib_a-readr.o)
 .comment       0x0000000000000011       0x12 /nix/store/60a09h2l89daz4kij06wv31mxs013svf-riscv64-unknown-elf-toolchain-9.2.0-2855d82/lib/gcc/riscv64-unknown-elf/9.2.0/../../../../riscv64-unknown-elf/lib/rv32imac/ilp32/libg_nano.a(lib_a-reent.o)
 .comment       0x0000000000000011       0x12 /nix/store/60a09h2l89daz4kij06wv31mxs013svf-riscv64-unknown-elf-toolchain-9.2.0-2855d82/lib/gcc/riscv64-unknown-elf/9.2.0/../../../../riscv64-unknown-elf/lib/rv32imac/ilp32/libg_nano.a(lib_a-fstatr.o)
 .comment       0x0000000000000011       0x12 /nix/store/60a09h2l89daz4kij06wv31mxs013svf-riscv64-unknown-elf-toolchain-9.2.0-2855d82/lib/gcc/riscv64-unknown-elf/9.2.0/../../../../riscv64-unknown-elf/lib/rv32imac/ilp32/libg_nano.a(lib_a-isattyr.o)

.riscv.attributes
                0x0000000000000000       0x2b
 .riscv.attributes
                0x0000000000000000       0x2b ./build/app/main.o
 .riscv.attributes
                0x000000000000002b       0x2b ./build/app/main_blinky.o
 .riscv.attributes
                0x0000000000000056       0x2b ./build/FreeRTOS/list.o
 .riscv.attributes
                0x0000000000000081       0x2b ./build/FreeRTOS/queue.o
 .riscv.attributes
                0x00000000000000ac       0x2b ./build/FreeRTOS/tasks.o
 .riscv.attributes
                0x00000000000000d7       0x2b ./build/FreeRTOS/timers.o
 .riscv.attributes
                0x0000000000000102       0x2b ./build/FreeRTOS/heap_4.o
 .riscv.attributes
                0x000000000000012d       0x2b ./build/FreeRTOS/port.o
 .riscv.attributes
                0x0000000000000158       0x29 ./build/FreeRTOS/portASM.o
 .riscv.attributes
                0x0000000000000181       0x2b ./build/FreeRTOS/_exit.o
 .riscv.attributes
                0x00000000000001ac       0x2b ./build/FreeRTOS/close.o
 .riscv.attributes
                0x00000000000001d7       0x2b ./build/FreeRTOS/fstat.o
 .riscv.attributes
                0x0000000000000202       0x2b ./build/FreeRTOS/isatty.o
 .riscv.attributes
                0x000000000000022d       0x2b ./build/FreeRTOS/lseek.o
 .riscv.attributes
                0x0000000000000258       0x2b ./build/FreeRTOS/read.o
 .riscv.attributes
                0x0000000000000283       0x2b ./build/FreeRTOS/sbrk.o
 .riscv.attributes
                0x00000000000002ae       0x2b ./build/FreeRTOS/write.o
 .riscv.attributes
                0x00000000000002d9       0x2b ./build/FreeRTOS/write_hex.o
 .riscv.attributes
                0x0000000000000304       0x2b ./build/FreeRTOS/init.o
 .riscv.attributes
                0x000000000000032f       0x29 ./build/FreeRTOS/entry.o
 .riscv.attributes
                0x0000000000000358       0x29 ./build/FreeRTOS/start.o
 .riscv.attributes
                0x0000000000000381       0x2b /nix/store/60a09h2l89daz4kij06wv31mxs013svf-riscv64-unknown-elf-toolchain-9.2.0-2855d82/lib/gcc/riscv64-unknown-elf/9.2.0/rv32imac/ilp32/libgcc.a(_clzsi2.o)
 .riscv.attributes
                0x00000000000003ac       0x2b /nix/store/60a09h2l89daz4kij06wv31mxs013svf-riscv64-unknown-elf-toolchain-9.2.0-2855d82/lib/gcc/riscv64-unknown-elf/9.2.0/rv32imac/ilp32/libgcc.a(_clz.o)
 .riscv.attributes
                0x00000000000003d7       0x2b /nix/store/60a09h2l89daz4kij06wv31mxs013svf-riscv64-unknown-elf-toolchain-9.2.0-2855d82/lib/gcc/riscv64-unknown-elf/9.2.0/../../../../riscv64-unknown-elf/lib/rv32imac/ilp32/libg_nano.a(lib_a-atexit.o)
 .riscv.attributes
                0x0000000000000402       0x2b /nix/store/60a09h2l89daz4kij06wv31mxs013svf-riscv64-unknown-elf-toolchain-9.2.0-2855d82/lib/gcc/riscv64-unknown-elf/9.2.0/../../../../riscv64-unknown-elf/lib/rv32imac/ilp32/libg_nano.a(lib_a-exit.o)
 .riscv.attributes
                0x000000000000042d       0x2b /nix/store/60a09h2l89daz4kij06wv31mxs013svf-riscv64-unknown-elf-toolchain-9.2.0-2855d82/lib/gcc/riscv64-unknown-elf/9.2.0/../../../../riscv64-unknown-elf/lib/rv32imac/ilp32/libg_nano.a(lib_a-fini.o)
 .riscv.attributes
                0x0000000000000458       0x2b /nix/store/60a09h2l89daz4kij06wv31mxs013svf-riscv64-unknown-elf-toolchain-9.2.0-2855d82/lib/gcc/riscv64-unknown-elf/9.2.0/../../../../riscv64-unknown-elf/lib/rv32imac/ilp32/libg_nano.a(lib_a-impure.o)
 .riscv.attributes
                0x0000000000000483       0x2b /nix/store/60a09h2l89daz4kij06wv31mxs013svf-riscv64-unknown-elf-toolchain-9.2.0-2855d82/lib/gcc/riscv64-unknown-elf/9.2.0/../../../../riscv64-unknown-elf/lib/rv32imac/ilp32/libg_nano.a(lib_a-init.o)
 .riscv.attributes
                0x00000000000004ae       0x29 /nix/store/60a09h2l89daz4kij06wv31mxs013svf-riscv64-unknown-elf-toolchain-9.2.0-2855d82/lib/gcc/riscv64-unknown-elf/9.2.0/../../../../riscv64-unknown-elf/lib/rv32imac/ilp32/libg_nano.a(lib_a-memcpy-asm.o)
 .riscv.attributes
                0x00000000000004d7       0x29 /nix/store/60a09h2l89daz4kij06wv31mxs013svf-riscv64-unknown-elf-toolchain-9.2.0-2855d82/lib/gcc/riscv64-unknown-elf/9.2.0/../../../../riscv64-unknown-elf/lib/rv32imac/ilp32/libg_nano.a(lib_a-memset.o)
 .riscv.attributes
                0x0000000000000500       0x2b /nix/store/60a09h2l89daz4kij06wv31mxs013svf-riscv64-unknown-elf-toolchain-9.2.0-2855d82/lib/gcc/riscv64-unknown-elf/9.2.0/../../../../riscv64-unknown-elf/lib/rv32imac/ilp32/libg_nano.a(lib_a-printf.o)
 .riscv.attributes
                0x000000000000052b       0x2b /nix/store/60a09h2l89daz4kij06wv31mxs013svf-riscv64-unknown-elf-toolchain-9.2.0-2855d82/lib/gcc/riscv64-unknown-elf/9.2.0/../../../../riscv64-unknown-elf/lib/rv32imac/ilp32/libg_nano.a(lib_a-strlen.o)
 .riscv.attributes
                0x0000000000000556       0x2b /nix/store/60a09h2l89daz4kij06wv31mxs013svf-riscv64-unknown-elf-toolchain-9.2.0-2855d82/lib/gcc/riscv64-unknown-elf/9.2.0/../../../../riscv64-unknown-elf/lib/rv32imac/ilp32/libg_nano.a(lib_a-__atexit.o)
 .riscv.attributes
                0x0000000000000581       0x2b /nix/store/60a09h2l89daz4kij06wv31mxs013svf-riscv64-unknown-elf-toolchain-9.2.0-2855d82/lib/gcc/riscv64-unknown-elf/9.2.0/../../../../riscv64-unknown-elf/lib/rv32imac/ilp32/libg_nano.a(lib_a-__call_atexit.o)
 .riscv.attributes
                0x00000000000005ac       0x2b /nix/store/60a09h2l89daz4kij06wv31mxs013svf-riscv64-unknown-elf-toolchain-9.2.0-2855d82/lib/gcc/riscv64-unknown-elf/9.2.0/../../../../riscv64-unknown-elf/lib/rv32imac/ilp32/libg_nano.a(lib_a-findfp.o)
 .riscv.attributes
                0x00000000000005d7       0x2b /nix/store/60a09h2l89daz4kij06wv31mxs013svf-riscv64-unknown-elf-toolchain-9.2.0-2855d82/lib/gcc/riscv64-unknown-elf/9.2.0/../../../../riscv64-unknown-elf/lib/rv32imac/ilp32/libg_nano.a(lib_a-fwalk.o)
 .riscv.attributes
                0x0000000000000602       0x2b /nix/store/60a09h2l89daz4kij06wv31mxs013svf-riscv64-unknown-elf-toolchain-9.2.0-2855d82/lib/gcc/riscv64-unknown-elf/9.2.0/../../../../riscv64-unknown-elf/lib/rv32imac/ilp32/libg_nano.a(lib_a-nano-mallocr.o)
 .riscv.attributes
                0x000000000000062d       0x2b /nix/store/60a09h2l89daz4kij06wv31mxs013svf-riscv64-unknown-elf-toolchain-9.2.0-2855d82/lib/gcc/riscv64-unknown-elf/9.2.0/../../../../riscv64-unknown-elf/lib/rv32imac/ilp32/libg_nano.a(lib_a-nano-vfprintf.o)
 .riscv.attributes
                0x0000000000000658       0x2b /nix/store/60a09h2l89daz4kij06wv31mxs013svf-riscv64-unknown-elf-toolchain-9.2.0-2855d82/lib/gcc/riscv64-unknown-elf/9.2.0/../../../../riscv64-unknown-elf/lib/rv32imac/ilp32/libg_nano.a(lib_a-nano-vfprintf_i.o)
 .riscv.attributes
                0x0000000000000683       0x2b /nix/store/60a09h2l89daz4kij06wv31mxs013svf-riscv64-unknown-elf-toolchain-9.2.0-2855d82/lib/gcc/riscv64-unknown-elf/9.2.0/../../../../riscv64-unknown-elf/lib/rv32imac/ilp32/libg_nano.a(lib_a-sbrkr.o)
 .riscv.attributes
                0x00000000000006ae       0x2b /nix/store/60a09h2l89daz4kij06wv31mxs013svf-riscv64-unknown-elf-toolchain-9.2.0-2855d82/lib/gcc/riscv64-unknown-elf/9.2.0/../../../../riscv64-unknown-elf/lib/rv32imac/ilp32/libg_nano.a(lib_a-stdio.o)
 .riscv.attributes
                0x00000000000006d9       0x2b /nix/store/60a09h2l89daz4kij06wv31mxs013svf-riscv64-unknown-elf-toolchain-9.2.0-2855d82/lib/gcc/riscv64-unknown-elf/9.2.0/../../../../riscv64-unknown-elf/lib/rv32imac/ilp32/libg_nano.a(lib_a-wbuf.o)
 .riscv.attributes
                0x0000000000000704       0x2b /nix/store/60a09h2l89daz4kij06wv31mxs013svf-riscv64-unknown-elf-toolchain-9.2.0-2855d82/lib/gcc/riscv64-unknown-elf/9.2.0/../../../../riscv64-unknown-elf/lib/rv32imac/ilp32/libg_nano.a(lib_a-writer.o)
 .riscv.attributes
                0x000000000000072f       0x2b /nix/store/60a09h2l89daz4kij06wv31mxs013svf-riscv64-unknown-elf-toolchain-9.2.0-2855d82/lib/gcc/riscv64-unknown-elf/9.2.0/../../../../riscv64-unknown-elf/lib/rv32imac/ilp32/libg_nano.a(lib_a-wsetup.o)
 .riscv.attributes
                0x000000000000075a       0x2b /nix/store/60a09h2l89daz4kij06wv31mxs013svf-riscv64-unknown-elf-toolchain-9.2.0-2855d82/lib/gcc/riscv64-unknown-elf/9.2.0/../../../../riscv64-unknown-elf/lib/rv32imac/ilp32/libg_nano.a(lib_a-closer.o)
 .riscv.attributes
                0x0000000000000785       0x2b /nix/store/60a09h2l89daz4kij06wv31mxs013svf-riscv64-unknown-elf-toolchain-9.2.0-2855d82/lib/gcc/riscv64-unknown-elf/9.2.0/../../../../riscv64-unknown-elf/lib/rv32imac/ilp32/libg_nano.a(lib_a-fflush.o)
 .riscv.attributes
                0x00000000000007b0       0x2b /nix/store/60a09h2l89daz4kij06wv31mxs013svf-riscv64-unknown-elf-toolchain-9.2.0-2855d82/lib/gcc/riscv64-unknown-elf/9.2.0/../../../../riscv64-unknown-elf/lib/rv32imac/ilp32/libg_nano.a(lib_a-lseekr.o)
 .riscv.attributes
                0x00000000000007db       0x2b /nix/store/60a09h2l89daz4kij06wv31mxs013svf-riscv64-unknown-elf-toolchain-9.2.0-2855d82/lib/gcc/riscv64-unknown-elf/9.2.0/../../../../riscv64-unknown-elf/lib/rv32imac/ilp32/libg_nano.a(lib_a-makebuf.o)
 .riscv.attributes
                0x0000000000000806       0x2b /nix/store/60a09h2l89daz4kij06wv31mxs013svf-riscv64-unknown-elf-toolchain-9.2.0-2855d82/lib/gcc/riscv64-unknown-elf/9.2.0/../../../../riscv64-unknown-elf/lib/rv32imac/ilp32/libg_nano.a(lib_a-memchr.o)
 .riscv.attributes
                0x0000000000000831       0x2b /nix/store/60a09h2l89daz4kij06wv31mxs013svf-riscv64-unknown-elf-toolchain-9.2.0-2855d82/lib/gcc/riscv64-unknown-elf/9.2.0/../../../../riscv64-unknown-elf/lib/rv32imac/ilp32/libg_nano.a(lib_a-mlock.o)
 .riscv.attributes
                0x000000000000085c       0x2b /nix/store/60a09h2l89daz4kij06wv31mxs013svf-riscv64-unknown-elf-toolchain-9.2.0-2855d82/lib/gcc/riscv64-unknown-elf/9.2.0/../../../../riscv64-unknown-elf/lib/rv32imac/ilp32/libg_nano.a(lib_a-nano-freer.o)
 .riscv.attributes
                0x0000000000000887       0x2b /nix/store/60a09h2l89daz4kij06wv31mxs013svf-riscv64-unknown-elf-toolchain-9.2.0-2855d82/lib/gcc/riscv64-unknown-elf/9.2.0/../../../../riscv64-unknown-elf/lib/rv32imac/ilp32/libg_nano.a(lib_a-readr.o)
 .riscv.attributes
                0x00000000000008b2       0x2b /nix/store/60a09h2l89daz4kij06wv31mxs013svf-riscv64-unknown-elf-toolchain-9.2.0-2855d82/lib/gcc/riscv64-unknown-elf/9.2.0/../../../../riscv64-unknown-elf/lib/rv32imac/ilp32/libg_nano.a(lib_a-reent.o)
 .riscv.attributes
                0x00000000000008dd       0x2b /nix/store/60a09h2l89daz4kij06wv31mxs013svf-riscv64-unknown-elf-toolchain-9.2.0-2855d82/lib/gcc/riscv64-unknown-elf/9.2.0/../../../../riscv64-unknown-elf/lib/rv32imac/ilp32/libg_nano.a(lib_a-fstatr.o)
 .riscv.attributes
                0x0000000000000908       0x2b /nix/store/60a09h2l89daz4kij06wv31mxs013svf-riscv64-unknown-elf-toolchain-9.2.0-2855d82/lib/gcc/riscv64-unknown-elf/9.2.0/../../../../riscv64-unknown-elf/lib/rv32imac/ilp32/libg_nano.a(lib_a-isattyr.o)

.debug_frame    0x0000000000000000     0x18d8
 .debug_frame   0x0000000000000000       0xdc ./build/app/main.o
 .debug_frame   0x00000000000000dc       0x64 ./build/app/main_blinky.o
 .debug_frame   0x0000000000000140       0xc4 ./build/FreeRTOS/list.o
 .debug_frame   0x0000000000000204      0x508 ./build/FreeRTOS/queue.o
 .debug_frame   0x000000000000070c      0x83c ./build/FreeRTOS/tasks.o
 .debug_frame   0x0000000000000f48      0x370 ./build/FreeRTOS/timers.o
 .debug_frame   0x00000000000012b8      0x114 ./build/FreeRTOS/heap_4.o
 .debug_frame   0x00000000000013cc       0x78 ./build/FreeRTOS/port.o
 .debug_frame   0x0000000000001444       0x2c ./build/FreeRTOS/_exit.o
 .debug_frame   0x0000000000001470       0x5c ./build/FreeRTOS/close.o
 .debug_frame   0x00000000000014cc       0x5c ./build/FreeRTOS/fstat.o
 .debug_frame   0x0000000000001528       0x34 ./build/FreeRTOS/isatty.o
 .debug_frame   0x000000000000155c       0x5c ./build/FreeRTOS/lseek.o
 .debug_frame   0x00000000000015b8       0x5c ./build/FreeRTOS/read.o
 .debug_frame   0x0000000000001614       0x34 ./build/FreeRTOS/sbrk.o
 .debug_frame   0x0000000000001648       0x5c ./build/FreeRTOS/write.o
 .debug_frame   0x00000000000016a4       0x38 ./build/FreeRTOS/write_hex.o
 .debug_frame   0x00000000000016dc      0x1dc ./build/FreeRTOS/init.o
 .debug_frame   0x00000000000018b8       0x20 /nix/store/60a09h2l89daz4kij06wv31mxs013svf-riscv64-unknown-elf-toolchain-9.2.0-2855d82/lib/gcc/riscv64-unknown-elf/9.2.0/rv32imac/ilp32/libgcc.a(_clzsi2.o)

.debug_loc      0x0000000000000000       0x6b
 .debug_loc     0x0000000000000000       0x6b /nix/store/60a09h2l89daz4kij06wv31mxs013svf-riscv64-unknown-elf-toolchain-9.2.0-2855d82/lib/gcc/riscv64-unknown-elf/9.2.0/rv32imac/ilp32/libgcc.a(_clzsi2.o)
